Component: ARM Compiler 5.06 update 5 (build 528) Tool: armlink [4d35e2]

==============================================================================

Section Cross References

    startup_stm32f10x_md.o(STACK) refers (Special) to heapauxi.o(.text) for __use_two_region_memory
    startup_stm32f10x_md.o(HEAP) refers (Special) to heapauxi.o(.text) for __use_two_region_memory
    startup_stm32f10x_md.o(RESET) refers (Special) to heapauxi.o(.text) for __use_two_region_memory
    startup_stm32f10x_md.o(RESET) refers to startup_stm32f10x_md.o(STACK) for __initial_sp
    startup_stm32f10x_md.o(RESET) refers to startup_stm32f10x_md.o(.text) for Reset_Handler
    startup_stm32f10x_md.o(RESET) refers to stm32f10x_it.o(i.NMI_Handler) for NMI_Handler
    startup_stm32f10x_md.o(RESET) refers to stm32f10x_it.o(i.HardFault_Handler) for HardFault_Handler
    startup_stm32f10x_md.o(RESET) refers to stm32f10x_it.o(i.MemManage_Handler) for MemManage_Handler
    startup_stm32f10x_md.o(RESET) refers to stm32f10x_it.o(i.BusFault_Handler) for BusFault_Handler
    startup_stm32f10x_md.o(RESET) refers to stm32f10x_it.o(i.UsageFault_Handler) for UsageFault_Handler
    startup_stm32f10x_md.o(RESET) refers to stm32f10x_it.o(i.SVC_Handler) for SVC_Handler
    startup_stm32f10x_md.o(RESET) refers to stm32f10x_it.o(i.DebugMon_Handler) for DebugMon_Handler
    startup_stm32f10x_md.o(RESET) refers to stm32f10x_it.o(i.PendSV_Handler) for PendSV_Handler
    startup_stm32f10x_md.o(RESET) refers to stm32f10x_it.o(i.SysTick_Handler) for SysTick_Handler
    startup_stm32f10x_md.o(RESET) refers to main.o(i.TIM2_IRQHandler) for TIM2_IRQHandler
    startup_stm32f10x_md.o(RESET) refers to main.o(i.TIM3_IRQHandler) for TIM3_IRQHandler
    startup_stm32f10x_md.o(.text) refers (Special) to heapauxi.o(.text) for __use_two_region_memory
    startup_stm32f10x_md.o(.text) refers to system_stm32f10x.o(i.SystemInit) for SystemInit
    startup_stm32f10x_md.o(.text) refers to __main.o(!!!main) for __main
    startup_stm32f10x_md.o(.text) refers to startup_stm32f10x_md.o(HEAP) for Heap_Mem
    startup_stm32f10x_md.o(.text) refers to startup_stm32f10x_md.o(STACK) for Stack_Mem
    system_stm32f10x.o(i.SetSysClock) refers to system_stm32f10x.o(i.SetSysClockTo72) for SetSysClockTo72
    system_stm32f10x.o(i.SystemCoreClockUpdate) refers to system_stm32f10x.o(.data) for SystemCoreClock
    system_stm32f10x.o(i.SystemInit) refers to system_stm32f10x.o(i.SetSysClock) for SetSysClock
    stm32f10x_adc.o(i.ADC_DeInit) refers to stm32f10x_rcc.o(i.RCC_APB2PeriphResetCmd) for RCC_APB2PeriphResetCmd
    stm32f10x_bkp.o(i.BKP_DeInit) refers to stm32f10x_rcc.o(i.RCC_BackupResetCmd) for RCC_BackupResetCmd
    stm32f10x_can.o(i.CAN_DeInit) refers to stm32f10x_rcc.o(i.RCC_APB1PeriphResetCmd) for RCC_APB1PeriphResetCmd
    stm32f10x_can.o(i.CAN_GetITStatus) refers to stm32f10x_can.o(i.CheckITStatus) for CheckITStatus
    stm32f10x_cec.o(i.CEC_DeInit) refers to stm32f10x_rcc.o(i.RCC_APB1PeriphResetCmd) for RCC_APB1PeriphResetCmd
    stm32f10x_dac.o(i.DAC_DeInit) refers to stm32f10x_rcc.o(i.RCC_APB1PeriphResetCmd) for RCC_APB1PeriphResetCmd
    stm32f10x_flash.o(i.FLASH_EnableWriteProtection) refers to stm32f10x_flash.o(i.FLASH_WaitForLastOperation) for FLASH_WaitForLastOperation
    stm32f10x_flash.o(i.FLASH_EraseAllBank1Pages) refers to stm32f10x_flash.o(i.FLASH_WaitForLastBank1Operation) for FLASH_WaitForLastBank1Operation
    stm32f10x_flash.o(i.FLASH_EraseAllPages) refers to stm32f10x_flash.o(i.FLASH_WaitForLastOperation) for FLASH_WaitForLastOperation
    stm32f10x_flash.o(i.FLASH_EraseOptionBytes) refers to stm32f10x_flash.o(i.FLASH_GetReadOutProtectionStatus) for FLASH_GetReadOutProtectionStatus
    stm32f10x_flash.o(i.FLASH_EraseOptionBytes) refers to stm32f10x_flash.o(i.FLASH_WaitForLastOperation) for FLASH_WaitForLastOperation
    stm32f10x_flash.o(i.FLASH_ErasePage) refers to stm32f10x_flash.o(i.FLASH_WaitForLastOperation) for FLASH_WaitForLastOperation
    stm32f10x_flash.o(i.FLASH_ProgramHalfWord) refers to stm32f10x_flash.o(i.FLASH_WaitForLastOperation) for FLASH_WaitForLastOperation
    stm32f10x_flash.o(i.FLASH_ProgramOptionByteData) refers to stm32f10x_flash.o(i.FLASH_WaitForLastOperation) for FLASH_WaitForLastOperation
    stm32f10x_flash.o(i.FLASH_ProgramWord) refers to stm32f10x_flash.o(i.FLASH_WaitForLastOperation) for FLASH_WaitForLastOperation
    stm32f10x_flash.o(i.FLASH_ReadOutProtection) refers to stm32f10x_flash.o(i.FLASH_WaitForLastOperation) for FLASH_WaitForLastOperation
    stm32f10x_flash.o(i.FLASH_UserOptionByteConfig) refers to stm32f10x_flash.o(i.FLASH_WaitForLastOperation) for FLASH_WaitForLastOperation
    stm32f10x_flash.o(i.FLASH_WaitForLastBank1Operation) refers to stm32f10x_flash.o(i.FLASH_GetBank1Status) for FLASH_GetBank1Status
    stm32f10x_flash.o(i.FLASH_WaitForLastOperation) refers to stm32f10x_flash.o(i.FLASH_GetBank1Status) for FLASH_GetBank1Status
[...]
    __rt_entry_presh_1                       0x08000219   Thumb Code     0  __rtentry2.o(.ARM.Collect$$rtentry$$00000002)
    __rt_entry_sh                            0x08000219   Thumb Code     0  __rtentry4.o(.ARM.Collect$$rtentry$$00000004)
    __rt_entry_li                            0x0800021f   Thumb Code     0  __rtentry2.o(.ARM.Collect$$rtentry$$0000000A)
    __rt_entry_postsh_1                      0x0800021f   Thumb Code     0  __rtentry2.o(.ARM.Collect$$rtentry$$00000009)
    __rt_entry_main                          0x08000223   Thumb Code     0  __rtentry2.o(.ARM.Collect$$rtentry$$0000000D)
    __rt_entry_postli_1                      0x08000223   Thumb Code     0  __rtentry2.o(.ARM.Collect$$rtentry$$0000000C)
    __rt_exit                                0x0800022b   Thumb Code     0  rtexit.o(.ARM.Collect$$rtexit$$00000000)
    __rt_exit_ls                             0x0800022d   Thumb Code     0  rtexit2.o(.ARM.Collect$$rtexit$$00000003)
    __rt_exit_prels_1                        0x0800022d   Thumb Code     0  rtexit2.o(.ARM.Collect$$rtexit$$00000002)
    __rt_exit_exit                           0x08000231   Thumb Code     0  rtexit2.o(.ARM.Collect$$rtexit$$00000004)
    rand                                     0x08000239   Thumb Code    48  rand.o(.emb_text)
    Reset_Handler                            0x0800026d   Thumb Code     8  startup_stm32f10x_md.o(.text)
    ADC1_2_IRQHandler                        0x08000287   Thumb Code     0  startup_stm32f10x_md.o(.text)
    CAN1_RX1_IRQHandler                      0x08000287   Thumb Code     0  startup_stm32f10x_md.o(.text)
    CAN1_SCE_IRQHandler                      0x08000287   Thumb Code     0  startup_stm32f10x_md.o(.text)
    DMA1_Channel1_IRQHandler                 0x08000287   Thumb Code     0  startup_stm32f10x_md.o(.text)
    DMA1_Channel2_IRQHandler                 0x08000287   Thumb Code     0  startup_stm32f10x_md.o(.text)
    DMA1_Channel3_IRQHandler                 0x08000287   Thumb Code     0  startup_stm32f10x_md.o(.text)
    DMA1_Channel4_IRQHandler                 0x08000287   Thumb Code     0  startup_stm32f10x_md.o(.text)
    DMA1_Channel5_IRQHandler                 0x08000287   Thumb Code     0  startup_stm32f10x_md.o(.text)
    DMA1_Channel6_IRQHandler                 0x08000287   Thumb Code     0  startup_stm32f10x_md.o(.text)
    DMA1_Channel7_IRQHandler                 0x08000287   Thumb Code     0  startup_stm32f10x_md.o(.text)
    EXTI0_IRQHandler                         0x08000287   Thumb Code     0  startup_stm32f10x_md.o(.text)
    EXTI15_10_IRQHandler                     0x08000287   Thumb Code     0  startup_stm32f10x_md.o(.text)
    EXTI1_IRQHandler                         0x08000287   Thumb Code     0  startup_stm32f10x_md.o(.text)
    EXTI2_IRQHandler                         0x08000287   Thumb Code     0  startup_stm32f10x_md.o(.text)
    EXTI3_IRQHandler                         0x08000287   Thumb Code     0  startup_stm32f10x_md.o(.text)
    EXTI4_IRQHandler                         0x08000287   Thumb Code     0  startup_stm32f10x_md.o(.text)
    EXTI9_5_IRQHandler                       0x08000287   Thumb Code     0  startup_stm32f10x_md.o(.text)
    FLASH_IRQHandler                         0x08000287   Thumb Code     0  startup_stm32f10x_md.o(.text)
    I2C1_ER_IRQHandler                       0x08000287   Thumb Code     0  startup_stm32f10x_md.o(.text)
    I2C1_EV_IRQHandler                       0x08000287   Thumb Code     0  startup_stm32f10x_md.o(.text)
    I2C2_ER_IRQHandler                       0x08000287   Thumb Code     0  startup_stm32f10x_md.o(.text)
    I2C2_EV_IRQHandler                       0x08000287   Thumb Code     0  startup_stm32f10x_md.o(.text)
    PVD_IRQHandler                           0x08000287   Thumb Code     0  startup_stm32f10x_md.o(.text)
    RCC_IRQHandler                           0x08000287   Thumb Code     0  startup_stm32f10x_md.o(.text)
    RTCAlarm_IRQHandler                      0x08000287   Thumb Code     0  startup_stm32f10x_md.o(.text)
    RTC_IRQHandler                           0x08000287   Thumb Code     0  startup_stm32f10x_md.o(.text)
    SPI1_IRQHandler                          0x08000287   Thumb Code     0  startup_stm32f10x_md.o(.text)
    SPI2_IRQHandler                          0x08000287   Thumb Code     0  startup_stm32f10x_md.o(.text)
    TAMPER_IRQHandler                        0x08000287   Thumb Code     0  startup_stm32f10x_md.o(.text)
    TIM1_BRK_IRQHandler                      0x08000287   Thumb Code     0  startup_stm32f10x_md.o(.text)
    TIM1_CC_IRQHandler                       0x08000287   Thumb Code     0  startup_stm32f10x_md.o(.text)
    TIM1_TRG_COM_IRQHandler                  0x08000287   Thumb Code     0  startup_stm32f10x_md.o(.text)
    TIM1_UP_IRQHandler                       0x08000287   Thumb Code     0  startup_stm32f10x_md.o(.text)
    TIM4_IRQHandler                          0x08000287   Thumb Code     0  startup_stm32f10x_md.o(.text)
    USART1_IRQHandler                        0x08000287   Thumb Code     0  startup_stm32f10x_md.o(.text)
    USART2_IRQHandler                        0x08000287   Thumb Code     0  startup_stm32f10x_md.o(.text)
    USART3_IRQHandler                        0x08000287   Thumb Code     0  startup_stm32f10x_md.o(.text)
    USBWakeUp_IRQHandler                     0x08000287   Thumb Code     0  startup_stm32f10x_md.o(.text)
    USB_HP_CAN1_TX_IRQHandler                0x08000287   Thumb Code     0  startup_stm32f10x_md.o(.text)
    USB_LP_CAN1_RX0_IRQHandler               0x08000287   Thumb Code     0  startup_stm32f10x_md.o(.text)
    WWDG_IRQHandler                          0x08000287   Thumb Code     0  startup_stm32f10x_md.o(.text)
    __user_initial_stackheap                 0x08000289   Thumb Code     0  startup_stm32f10x_md.o(.text)
    vsprintf                                 0x080002ad   Thumb Code    32  vsprintf.o(.text)
    srand                                    0x080002d1   Thumb Code    42  rand.o(.text)
    _rand_init                               0x080002fb   Thumb Code     4  rand.o(.text)
    __aeabi_memcpy4                          0x0800030d   Thumb Code     0  rt_memcpy_w.o(.text)
    __aeabi_memcpy8                          0x0800030d   Thumb Code     0  rt_memcpy_w.o(.text)
    __rt_memcpy_w                            0x0800030d   Thumb Code   100  rt_memcpy_w.o(.text)
    _memcpy_lastbytes_aligned                0x08000355   Thumb Code     0  rt_memcpy_w.o(.text)
    strcmp                                   0x08000371   Thumb Code   128  strcmpv7m.o(.text)
    localtime                                0x080003f1   Thumb Code     6  localtime.o(.text)
    mktime                                   0x0800043b   Thumb Code   356  mktime.o(.text)
    __use_two_region_memory                  0x080005a9   Thumb Code     2  heapauxi.o(.text)
    __rt_heap_escrow$2region                 0x080005ab   Thumb Code     2  heapauxi.o(.text)
    __rt_heap_expand$2region                 0x080005ad   Thumb Code     2  heapauxi.o(.text)
    __read_errno                             0x080005af   Thumb Code    10  _rserrno.o(.text)
    __set_errno                              0x080005b9   Thumb Code    12  _rserrno.o(.text)
    _printf_pre_padding                      0x080005c5   Thumb Code    44  _printf_pad.o(.text)
    _printf_post_padding                     0x080005f1   Thumb Code    34  _printf_pad.o(.text)
    _printf_truncate_signed                  0x08000613   Thumb Code    18  _printf_truncate.o(.text)
    _printf_truncate_unsigned                0x08000625   Thumb Code    18  _printf_truncate.o(.text)
    _printf_str                              0x08000637   Thumb Code    82  _printf_str.o(.text)
    _printf_int_dec                          0x08000689   Thumb Code   104  _printf_dec.o(.text)
    _printf_charcount                        0x08000701   Thumb Code    40  _printf_charcount.o(.text)
    _printf_char_common                      0x08000733   Thumb Code    32  _printf_char_common.o(.text)
    _sputc                                   0x08000759   Thumb Code    10  _sputc.o(.text)
    _printf_wctomb                           0x08000765   Thumb Code   182  _printf_wctomb.o(.text)
    _printf_longlong_dec                     0x08000821   Thumb Code   108  _printf_longlong_dec.o(.text)
    _printf_longlong_oct                     0x0800089d   Thumb Code    66  _printf_oct_int_ll.o(.text)
    _printf_int_oct                          0x080008df   Thumb Code    24  _printf_oct_int_ll.o(.text)
    _printf_ll_oct                           0x080008f7   Thumb Code    12  _printf_oct_int_ll.o(.text)
    _printf_longlong_hex                     0x0800090d   Thumb Code    86  _printf_hex_int_ll_ptr.o(.text)
    _printf_int_hex                          0x08000963   Thumb Code    28  _printf_hex_int_ll_ptr.o(.text)
    _printf_ll_hex                           0x0800097f   Thumb Code    12  _printf_hex_int_ll_ptr.o(.text)
    _printf_hex_ptr                          0x0800098b   Thumb Code    18  _printf_hex_int_ll_ptr.o(.text)
    __printf                                 0x080009a1   Thumb Code   388  __printf_flags_ss_wp.o(.text)
    _localtime_r                             0x08000b29   Thumb Code   178  localtime_internal.o(.text)
    _n$localtime_r                           0x08000b29   Thumb Code     0  localtime_internal.o(.text)
    __aeabi_errno_addr                       0x08000be1   Thumb Code     8  rt_errno_addr_intlibspace.o(.text)
    __errno$intlibspace                      0x08000be1   Thumb Code     0  rt_errno_addr_intlibspace.o(.text)
    __rt_errno_addr$intlibspace              0x08000be1   Thumb Code     0  rt_errno_addr_intlibspace.o(.text)
    _ll_udiv10                               0x08000be9   Thumb Code   138  lludiv10.o(.text)
    _printf_int_common                       0x08000c73   Thumb Code   178  _printf_intcommon.o(.text)
    __lib_sel_fp_printf                      0x08000d25   Thumb Code     2  _printf_fp_dec.o(.text)
    _printf_fp_dec_real                      0x08000ed7   Thumb Code   620  _printf_fp_dec.o(.text)
    _printf_fp_hex_real                      0x08001145   Thumb Code   756  _printf_fp_hex.o(.text)
    _printf_cs_common                        0x08001441   Thumb Code    20  _printf_char.o(.text)
    _printf_char                             0x08001455   Thumb Code    16  _printf_char.o(.text)
    _printf_string                           0x08001465   Thumb Code     8  _printf_char.o(.text)
    _printf_lcs_common                       0x0800146d   Thumb Code    20  _printf_wchar.o(.text)
    _printf_wchar                            0x08001481   Thumb Code    16  _printf_wchar.o(.text)
    _printf_wstring                          0x08001491   Thumb Code     8  _printf_wchar.o(.text)
    _wcrtomb                                 0x08001499   Thumb Code    64  _wcrtomb.o(.text)
    __aeabi_memclr4                          0x080014d9   Thumb Code     0  rt_memclr_w.o(.text)
    __aeabi_memclr8                          0x080014d9   Thumb Code     0  rt_memclr_w.o(.text)
    __rt_memclr_w                            0x080014d9   Thumb Code    78  rt_memclr_w.o(.text)
    _memset_w                                0x080014dd   Thumb Code     0  rt_memclr_w.o(.text)
    __user_libspace                          0x08001529   Thumb Code     8  libspace.o(.text)
    __user_perproc_libspace                  0x08001529   Thumb Code     0  libspace.o(.text)
    __user_perthread_libspace                0x08001529   Thumb Code     0  libspace.o(.text)
    __user_setup_stackheap                   0x08001531   Thumb Code    74  sys_stackheap_outer.o(.text)
    __rt_ctype_table                         0x0800157d   Thumb Code    16  rt_ctype_table.o(.text)
    __rt_locale                              0x0800158d   Thumb Code     8  rt_locale_intlibspace.o(.text)
    _printf_fp_infnan                        0x08001595   Thumb Code   112  _printf_fp_infnan.o(.text)
    _btod_etento                             0x08001615   Thumb Code   224  bigflt0.o(.text)
    exit                                     0x080016f9   Thumb Code    18  exit.o(.text)
    __I$use$semihosting                      0x0800170b   Thumb Code     0  use_no_semi.o(.text)
    __use_no_semihosting_swi                 0x0800170b   Thumb Code     2  use_no_semi.o(.text)
    __semihosting_library_function           0x0800170d   Thumb Code     0  indicate_semi.o(.text)
    _sys_exit                                0x0800170d   Thumb Code     8  sys_exit.o(.text)
    _btod_d2e                                0x08001719   Thumb Code    62  btod.o(CL$$btod_d2e)
    _d2e_denorm_low                          0x08001757   Thumb Code    70  btod.o(CL$$btod_d2e_denorm_low)
    _d2e_norm_op1                            0x0800179d   Thumb Code    96  btod.o(CL$$btod_d2e_norm_op1)
    __btod_div_common                        0x080017fd   Thumb Code   696  btod.o(CL$$btod_div_common)
    _e2e                                     0x08001b35   Thumb Code   220  btod.o(CL$$btod_e2e)
    _btod_ediv                               0x08001c11   Thumb Code    42  btod.o(CL$$btod_ediv)
    _btod_emul                               0x08001c3b   Thumb Code    42  btod.o(CL$$btod_emul)
    __btod_mult_common                       0x08001c65   Thumb Code   580  btod.o(CL$$btod_mult_common)
    ADC_Cmd                                  0x08001ea9   Thumb Code    22  stm32f10x_adc.o(i.ADC_Cmd)
    ADC_GetCalibrationStatus                 0x08001ebf   Thumb Code    20  stm32f10x_adc.o(i.ADC_GetCalibrationStatus)
    ADC_GetConversionValue                   0x08001ed3   Thumb Code     8  stm32f10x_adc.o(i.ADC_GetConversionValue)
    ADC_GetFlagStatus                        0x08001edb   Thumb Code    18  stm32f10x_adc.o(i.ADC_GetFlagStatus)
    ADC_GetResetCalibrationStatus            0x08001eed   Thumb Code    20  stm32f10x_adc.o(i.ADC_GetResetCalibrationStatus)
    ADC_Init                                 0x08001f01   Thumb Code    70  stm32f10x_adc.o(i.ADC_Init)
    ADC_RegularChannelConfig                 0x08001f51   Thumb Code   184  stm32f10x_adc.o(i.ADC_RegularChannelConfig)
    ADC_ResetCalibration                     0x08002009   Thumb Code    10  stm32f10x_adc.o(i.ADC_ResetCalibration)
    ADC_SoftwareStartConvCmd                 0x08002013   Thumb Code    22  stm32f10x_adc.o(i.ADC_SoftwareStartConvCmd)
    ADC_StartCalibration                     0x08002029   Thumb Code    10  stm32f10x_adc.o(i.ADC_StartCalibration)
    AD_GetValue                              0x08002035   Thumb Code    32  ad.o(i.AD_GetValue)
    AD_Init                                  0x08002059   Thumb Code   150  ad.o(i.AD_Init)
    BKP_ReadBackupRegister                   0x080020f9   Thumb Code    24  stm32f10x_bkp.o(i.BKP_ReadBackupRegister)
    BKP_WriteBackupRegister                  0x08002115   Thumb Code    22  stm32f10x_bkp.o(i.BKP_WriteBackupRegister)
    BusFault_Handler                         0x08002131   Thumb Code     4  stm32f10x_it.o(i.BusFault_Handler)
    Change_Time                              0x08002135   Thumb Code   558  settime.o(i.Change_Time)
    Collision_Detection                      0x08002389   Thumb Code   100  function.o(i.Collision_Detection)
    DebugMon_Handler                         0x08002401   Thumb Code     2  stm32f10x_it.o(i.DebugMon_Handler)
    Delay_ms                                 0x08002403   Thumb Code    24  delay.o(i.Delay_ms)
    Delay_us                                 0x0800241b   Thumb Code    46  delay.o(i.Delay_us)
    Dino_Core_Tick                           0x08002449   Thumb Code   104  function.o(i.Dino_Core_Tick)
    Dino_Iint                                0x080024c1   Thumb Code    72  function.o(i.Dino_Iint)
    Dino_Jump                                0x08002529   Thumb Code   142  function.o(i.Dino_Jump)
    Dino_Run                                 0x080025dd   Thumb Code   106  function.o(i.Dino_Run)
    First_Page_Clock                         0x08002659   Thumb Code   190  menu.o(i.First_Page_Clock)
    Function_Game                            0x08002725   Thumb Code   178  function.o(i.Function_Game)
    Function_GameUI                          0x080027e1   Thumb Code    36  function.o(i.Function_GameUI)
    Function_Game_Dino                       0x08002815   Thumb Code   502  function.o(i.Function_Game_Dino)
    Function_Gradienter                      0x08002a49   Thumb Code    44  function.o(i.Function_Gradienter)
    Function_Lighter                         0x08002a79   Thumb Code   214  function.o(i.Function_Lighter)
    Function_MPU6050                         0x08002b59   Thumb Code    52  function.o(i.Function_MPU6050)
    Function_Meme                            0x08002b91   Thumb Code    84  function.o(i.Function_Meme)
    Function_Timer3                          0x08002bf1   Thumb Code   262  function.o(i.Function_Timer3)
    Function_Timer3_Add                      0x08002d01   Thumb Code    52  function.o(i.Function_Timer3_Add)
    Function_Timer3_Init                     0x08002d3d   Thumb Code    16  function.o(i.Function_Timer3_Init)
    Function_TimerUI                         0x08002d55   Thumb Code   106  function.o(i.Function_TimerUI)
    GPIO_Init                                0x08002ddd   Thumb Code   278  stm32f10x_gpio.o(i.GPIO_Init)
    GPIO_ReadInputDataBit                    0x08002ef3   Thumb Code    18  stm32f10x_gpio.o(i.GPIO_ReadInputDataBit)
    GPIO_ResetBits                           0x08002f05   Thumb Code     4  stm32f10x_gpio.o(i.GPIO_ResetBits)
    GPIO_SetBits                             0x08002f09   Thumb Code     4  stm32f10x_gpio.o(i.GPIO_SetBits)
    GPIO_WriteBit                            0x08002f0d   Thumb Code    10  stm32f10x_gpio.o(i.GPIO_WriteBit)
    Gradienter_UI                            0x08002f19   Thumb Code    92  function.o(i.Gradienter_UI)
    HardFault_Handler                        0x08002f81   Thumb Code     4  stm32f10x_it.o(i.HardFault_Handler)
    Key3_Tick                                0x08002f85   Thumb Code    42  key.o(i.Key3_Tick)
    Key_GetNum                               0x08002fb9   Thumb Code    24  key.o(i.Key_GetNum)
    Key_GetState                             0x08002fd5   Thumb Code    72  key.o(i.Key_GetState)
    Key_Init                                 0x08003029   Thumb Code    60  key.o(i.Key_Init)
    Key_Tick                                 0x0800306d   Thumb Code    62  key.o(i.Key_Tick)
    Lighter_Init                             0x080030bd   Thumb Code    64  function.o(i.Lighter_Init)
    Lighter_Off                              0x08003101   Thumb Code    14  function.o(i.Lighter_Off)
    Lighter_On                               0x08003115   Thumb Code    14  function.o(i.Lighter_On)
    Lighter_UI                               0x08003129   Thumb Code    48  function.o(i.Lighter_UI)
    MPU6050_Calculation                      0x08003165   Thumb Code   402  function.o(i.MPU6050_Calculation)
    MPU6050_GetData                          0x08003341   Thumb Code   172  mpu6050.o(i.MPU6050_GetData)
    MPU6050_Init                             0x080033ed   Thumb Code    56  mpu6050.o(i.MPU6050_Init)
    MPU6050_ReadReg                          0x08003425   Thumb Code    62  mpu6050.o(i.MPU6050_ReadReg)
    MPU6050_UI                               0x08003465   Thumb Code    92  function.o(i.MPU6050_UI)
    MPU6050_WriteReg                         0x080034f5   Thumb Code    46  mpu6050.o(i.MPU6050_WriteReg)
    MemManage_Handler                        0x08003523   Thumb Code     4  stm32f10x_it.o(i.MemManage_Handler)
    Meme_Tick                                0x08003529   Thumb Code    30  function.o(i.Meme_Tick)
    Menu_Control                             0x0800354d   Thumb Code   246  menu.o(i.Menu_Control)
    Menu_Move                                0x08003651   Thumb Code     8  menu.o(i.Menu_Move)
    Moving_MenuUI                            0x08003659   Thumb Code   174  menu.o(i.Moving_MenuUI)
    MyI2C_Init                               0x08003721   Thumb Code    50  myi2c.o(i.MyI2C_Init)
    MyI2C_R_SDA                              0x08003759   Thumb Code    24  myi2c.o(i.MyI2C_R_SDA)
    MyI2C_ReceiveAck                         0x08003775   Thumb Code    30  myi2c.o(i.MyI2C_ReceiveAck)
    MyI2C_ReceiveByte                        0x08003793   Thumb Code    50  myi2c.o(i.MyI2C_ReceiveByte)
    MyI2C_SendAck                            0x080037c5   Thumb Code    24  myi2c.o(i.MyI2C_SendAck)
    MyI2C_SendByte                           0x080037dd   Thumb Code    50  myi2c.o(i.MyI2C_SendByte)
    MyI2C_Start                              0x0800380f   Thumb Code    28  myi2c.o(i.MyI2C_Start)
    MyI2C_Stop                               0x0800382b   Thumb Code    22  myi2c.o(i.MyI2C_Stop)
    MyI2C_W_SCL                              0x08003841   Thumb Code    24  myi2c.o(i.MyI2C_W_SCL)
    MyI2C_W_SDA                              0x0800385d   Thumb Code    24  myi2c.o(i.MyI2C_W_SDA)
    MyRTC_Init                               0x08003879   Thumb Code   114  myrtc.o(i.MyRTC_Init)
    MyRTC_ReadTime                           0x080038ed   Thumb Code    68  myrtc.o(i.MyRTC_ReadTime)
    MyRTC_SetTime                            0x08003935   Thumb Code    70  myrtc.o(i.MyRTC_SetTime)
    NMI_Handler                              0x08003981   Thumb Code     2  stm32f10x_it.o(i.NMI_Handler)
    NVIC_Init                                0x08003985   Thumb Code   100  misc.o(i.NVIC_Init)
    NVIC_PriorityGroupConfig                 0x080039f5   Thumb Code    10  misc.o(i.NVIC_PriorityGroupConfig)
    OLED_Clear                               0x08003a09   Thumb Code    36  oled.o(i.OLED_Clear)
    OLED_ClearArea                           0x08003a31   Thumb Code   140  oled.o(i.OLED_ClearArea)
    OLED_DrawCircle                          0x08003ac1   Thumb Code   352  oled.o(i.OLED_DrawCircle)
    OLED_DrawPoint                           0x08003c21   Thumb Code    76  oled.o(i.OLED_DrawPoint)
    OLED_GPIO_Init                           0x08003c71   Thumb Code    92  oled.o(i.OLED_GPIO_Init)
    OLED_I2C_SendByte                        0x08003cd1   Thumb Code    62  oled.o(i.OLED_I2C_SendByte)
    OLED_I2C_Start                           0x08003d0f   Thumb Code    28  oled.o(i.OLED_I2C_Start)
    OLED_I2C_Stop                            0x08003d2b   Thumb Code    22  oled.o(i.OLED_I2C_Stop)
    OLED_Init                                0x08003d41   Thumb Code   154  oled.o(i.OLED_Init)
    OLED_Pow                                 0x08003ddb   Thumb Code    20  oled.o(i.OLED_Pow)
    OLED_Printf                              0x08003def   Thumb Code    50  oled.o(i.OLED_Printf)
    OLED_ReverseArea                         0x08003e21   Thumb Code   140  oled.o(i.OLED_ReverseArea)
    OLED_SetCursor                           0x08003eb1   Thumb Code    34  oled.o(i.OLED_SetCursor)
    OLED_ShowChar                            0x08003ed5   Thumb Code   108  oled.o(i.OLED_ShowChar)
    OLED_ShowImage                           0x08003f4d   Thumb Code   248  oled.o(i.OLED_ShowImage)
    OLED_ShowNum                             0x08004049   Thumb Code    76  oled.o(i.OLED_ShowNum)
    OLED_ShowString                          0x08004095   Thumb Code   262  oled.o(i.OLED_ShowString)
    OLED_Update                              0x080041a5   Thumb Code    36  oled.o(i.OLED_Update)
    OLED_W_SCL                               0x080041cd   Thumb Code    18  oled.o(i.OLED_W_SCL)
    OLED_W_SDA                               0x080041e5   Thumb Code    18  oled.o(i.OLED_W_SDA)
    OLED_WriteCommand                        0x080041fd   Thumb Code    32  oled.o(i.OLED_WriteCommand)
    OLED_WriteData                           0x0800421d   Thumb Code    46  oled.o(i.OLED_WriteData)
    PWR_BackupAccessCmd                      0x0800424d   Thumb Code     6  stm32f10x_pwr.o(i.PWR_BackupAccessCmd)
    PendSV_Handler                           0x08004259   Thumb Code     2  stm32f10x_it.o(i.PendSV_Handler)
    Peripheral_Init                          0x0800425b   Thumb Code    36  menu.o(i.Peripheral_Init)
    RCC_ADCCLKConfig                         0x08004281   Thumb Code    18  stm32f10x_rcc.o(i.RCC_ADCCLKConfig)
    RCC_APB1PeriphClockCmd                   0x08004299   Thumb Code    26  stm32f10x_rcc.o(i.RCC_APB1PeriphClockCmd)
    RCC_APB2PeriphClockCmd                   0x080042b9   Thumb Code    26  stm32f10x_rcc.o(i.RCC_APB2PeriphClockCmd)
    RCC_GetFlagStatus                        0x080042d9   Thumb Code    56  stm32f10x_rcc.o(i.RCC_GetFlagStatus)
    RCC_LSEConfig                            0x08004315   Thumb Code    46  stm32f10x_rcc.o(i.RCC_LSEConfig)
    RCC_RTCCLKCmd                            0x08004349   Thumb Code     6  stm32f10x_rcc.o(i.RCC_RTCCLKCmd)
    RCC_RTCCLKConfig                         0x08004355   Thumb Code    12  stm32f10x_rcc.o(i.RCC_RTCCLKConfig)
    RTC_EnterConfigMode                      0x08004365   Thumb Code    14  stm32f10x_rtc.o(i.RTC_EnterConfigMode)
    RTC_ExitConfigMode                       0x08004379   Thumb Code    16  stm32f10x_rtc.o(i.RTC_ExitConfigMode)
    RTC_GetCounter                           0x0800438d   Thumb Code    16  stm32f10x_rtc.o(i.RTC_GetCounter)
    RTC_SetCounter                           0x080043a1   Thumb Code    24  stm32f10x_rtc.o(i.RTC_SetCounter)
    RTC_SetPrescaler                         0x080043bd   Thumb Code    26  stm32f10x_rtc.o(i.RTC_SetPrescaler)
    RTC_WaitForLastTask                      0x080043dd   Thumb Code    16  stm32f10x_rtc.o(i.RTC_WaitForLastTask)
    RTC_WaitForSynchro                       0x080043f1   Thumb Code    30  stm32f10x_rtc.o(i.RTC_WaitForSynchro)
    SVC_Handler                              0x08004415   Thumb Code     2  stm32f10x_it.o(i.SVC_Handler)
    Set_Time                                 0x08004501   Thumb Code   322  settime.o(i.Set_Time)
    Setting_Page                             0x0800464d   Thumb Code   170  menu.o(i.Setting_Page)
    Show_Battery                             0x08004701   Thumb Code   306  menu.o(i.Show_Battery)
    Show_Clock_UI                            0x0800484d   Thumb Code    96  menu.o(i.Show_Clock_UI)
    Show_SetTime_FirstUI                     0x080048dd   Thumb Code    74  settime.o(i.Show_SetTime_FirstUI)
    Show_SetTime_SecondUI                    0x08004949   Thumb Code    72  settime.o(i.Show_SetTime_SecondUI)
    Show_Setting_UI                          0x080049b5   Thumb Code    32  menu.o(i.Show_Setting_UI)
    SysTick_Handler                          0x080049e9   Thumb Code     2  stm32f10x_it.o(i.SysTick_Handler)
    SystemInit                               0x080049ed   Thumb Code    78  system_stm32f10x.o(i.SystemInit)
    TIM2_IRQHandler                          0x08004a4d   Thumb Code    40  main.o(i.TIM2_IRQHandler)
    TIM3_IRQHandler                          0x08004a75   Thumb Code    28  main.o(i.TIM3_IRQHandler)
    TIM_ClearFlag                            0x08004a95   Thumb Code     6  stm32f10x_tim.o(i.TIM_ClearFlag)
    TIM_ClearITPendingBit                    0x08004a9b   Thumb Code     6  stm32f10x_tim.o(i.TIM_ClearITPendingBit)
    TIM_Cmd                                  0x08004aa1   Thumb Code    24  stm32f10x_tim.o(i.TIM_Cmd)
    TIM_GetITStatus                          0x08004ab9   Thumb Code    34  stm32f10x_tim.o(i.TIM_GetITStatus)
    TIM_ITConfig                             0x08004adb   Thumb Code    18  stm32f10x_tim.o(i.TIM_ITConfig)
    TIM_InternalClockConfig                  0x08004aed   Thumb Code    12  stm32f10x_tim.o(i.TIM_InternalClockConfig)
    TIM_TimeBaseInit                         0x08004af9   Thumb Code   122  stm32f10x_tim.o(i.TIM_TimeBaseInit)
    Timer3_Init                              0x08004b9d   Thumb Code   114  timer3.o(i.Timer3_Init)
    Timer3_On                                0x08004c15   Thumb Code    12  timer3.o(i.Timer3_On)
    Timer3_Reset                             0x08004c25   Thumb Code    30  timer3.o(i.Timer3_Reset)
    Timer3_Stop                              0x08004c4d   Thumb Code    12  timer3.o(i.Timer3_Stop)
    Timer_Init                               0x08004c5d   Thumb Code   124  timer.o(i.Timer_Init)
    Timer_Tick                               0x08004cd9   Thumb Code    12  function.o(i.Timer_Tick)
    UsageFault_Handler                       0x08004ce9   Thumb Code     4  stm32f10x_it.o(i.UsageFault_Handler)
    __ARM_fpclassify                         0x08004ced   Thumb Code    40  fpclassify.o(i.__ARM_fpclassify)
    __ieee754_rem_pio2                       0x08004d15   Thumb Code   828  rred.o(i.__ieee754_rem_pio2)
    __kernel_cos                             0x0800509d   Thumb Code   230  cos_i.o(i.__kernel_cos)
    __kernel_poly                            0x08005199   Thumb Code   170  poly.o(i.__kernel_poly)
    __kernel_sin                             0x08005245   Thumb Code   224  sin_i.o(i.__kernel_sin)
    __mathlib_dbl_infnan                     0x08005331   Thumb Code     6  dunder.o(i.__mathlib_dbl_infnan)
    __mathlib_dbl_infnan2                    0x08005337   Thumb Code     4  dunder.o(i.__mathlib_dbl_infnan2)
    __mathlib_dbl_invalid                    0x0800533b   Thumb Code    12  dunder.o(i.__mathlib_dbl_invalid)
    __mathlib_dbl_underflow                  0x08005349   Thumb Code    10  dunder.o(i.__mathlib_dbl_underflow)
    _is_digit                                0x08005359   Thumb Code    14  __printf_wp.o(i._is_digit)
    atan                                     0x08005369   Thumb Code   474  atan.o(i.atan)
    atan2                                    0x08005589   Thumb Code   346  atan2.o(i.atan2)
    main                                     0x08005709   Thumb Code    36  main.o(i.main)
    sin                                      0x0800572d   Thumb Code   150  sin.o(i.sin)
    _get_lc_numeric                          0x080057cd   Thumb Code    44  lc_numeric_c.o(locale$$code)
    _get_lc_ctype                            0x080057f9   Thumb Code    44  lc_ctype_c.o(locale$$code)
    __aeabi_d2f                              0x08005825   Thumb Code     0  d2f.o(x$fpl$d2f)
    _d2f                                     0x08005825   Thumb Code    98  d2f.o(x$fpl$d2f)
    __aeabi_dadd                             0x08005889   Thumb Code     0  daddsub_clz.o(x$fpl$dadd)
    _dadd                                    0x08005889   Thumb Code   332  daddsub_clz.o(x$fpl$dadd)
    __fpl_dcheck_NaN1                        0x080059d9   Thumb Code    10  dcheck1.o(x$fpl$dcheck1)
    __aeabi_ddiv                             0x080059e9   Thumb Code     0  ddiv.o(x$fpl$ddiv)
    _ddiv                                    0x080059e9   Thumb Code   552  ddiv.o(x$fpl$ddiv)
    __aeabi_d2iz                             0x08005c99   Thumb Code     0  dfix.o(x$fpl$dfix)
    _dfix                                    0x08005c99   Thumb Code    94  dfix.o(x$fpl$dfix)
    __aeabi_i2d                              0x08005cf7   Thumb Code     0  dflt_clz.o(x$fpl$dflt)
    _dflt                                    0x08005cf7   Thumb Code    46  dflt_clz.o(x$fpl$dflt)
    __aeabi_ui2d                             0x08005d25   Thumb Code     0  dflt_clz.o(x$fpl$dfltu)
    _dfltu                                   0x08005d25   Thumb Code    38  dflt_clz.o(x$fpl$dfltu)
    __aeabi_dmul                             0x08005d4d   Thumb Code     0  dmul.o(x$fpl$dmul)
    _dmul                                    0x08005d4d   Thumb Code   332  dmul.o(x$fpl$dmul)
    __fpl_dnaninf                            0x08005ea1   Thumb Code   156  dnaninf.o(x$fpl$dnaninf)
    __fpl_dretinf                            0x08005f3d   Thumb Code    12  dretinf.o(x$fpl$dretinf)
    __aeabi_drsub                            0x08005f49   Thumb Code     0  daddsub_clz.o(x$fpl$drsb)
    _drsb                                    0x08005f49   Thumb Code    22  daddsub_clz.o(x$fpl$drsb)
    __aeabi_dsub                             0x08005f61   Thumb Code     0  daddsub_clz.o(x$fpl$dsub)
    _dsub                                    0x08005f61   Thumb Code   464  daddsub_clz.o(x$fpl$dsub)
    __aeabi_f2d                              0x08006135   Thumb Code     0  f2d.o(x$fpl$f2d)
    _f2d                                     0x08006135   Thumb Code    86  f2d.o(x$fpl$f2d)
    __aeabi_fadd                             0x0800618d   Thumb Code     0  faddsub_clz.o(x$fpl$fadd)
    _fadd                                    0x0800618d   Thumb Code   196  faddsub_clz.o(x$fpl$fadd)
    __fpl_fcmp_Inf                           0x08006251   Thumb Code    24  fcmpi.o(x$fpl$fcmpinf)
    __aeabi_fdiv                             0x08006269   Thumb Code     0  fdiv.o(x$fpl$fdiv)
    _fdiv                                    0x08006269   Thumb Code   384  fdiv.o(x$fpl$fdiv)
    __aeabi_f2iz                             0x080063ed   Thumb Code     0  ffix.o(x$fpl$ffix)
    _ffix                                    0x080063ed   Thumb Code    54  ffix.o(x$fpl$ffix)
    __aeabi_i2f                              0x08006425   Thumb Code     0  fflt_clz.o(x$fpl$fflt)
    _fflt                                    0x08006425   Thumb Code    48  fflt_clz.o(x$fpl$fflt)
    __aeabi_ui2f                             0x08006455   Thumb Code     0  fflt_clz.o(x$fpl$ffltu)
    _ffltu                                   0x08006455   Thumb Code    38  fflt_clz.o(x$fpl$ffltu)
    __aeabi_cfcmple                          0x0800647d   Thumb Code     0  fleqf.o(x$fpl$fleqf)
    _fcmple                                  0x0800647d   Thumb Code   104  fleqf.o(x$fpl$fleqf)
    __fpl_fcmple_InfNaN                      0x080064cf   Thumb Code     0  fleqf.o(x$fpl$fleqf)
    __aeabi_fmul                             0x080064e5   Thumb Code     0  fmul.o(x$fpl$fmul)
    _fmul                                    0x080064e5   Thumb Code   258  fmul.o(x$fpl$fmul)
    __fpl_fnaninf                            0x080065e7   Thumb Code   140  fnaninf.o(x$fpl$fnaninf)
    __fpl_fretinf                            0x08006673   Thumb Code    10  fretinf.o(x$fpl$fretinf)
    __aeabi_cfrcmple                         0x0800667d   Thumb Code     0  frleqf.o(x$fpl$frleqf)
    _frcmple                                 0x0800667d   Thumb Code    98  frleqf.o(x$fpl$frleqf)
    __aeabi_fsub                             0x080066e1   Thumb Code     0  faddsub_clz.o(x$fpl$fsub)
    _fsub                                    0x080066e1   Thumb Code   234  faddsub_clz.o(x$fpl$fsub)
    _printf_fp_dec                           0x080067cb   Thumb Code     4  printf1.o(x$fpl$printf1)
    _printf_fp_hex                           0x080067cf   Thumb Code     4  printf2.o(x$fpl$printf2)
    __fpl_return_NaN                         0x080067d3   Thumb Code   100  retnan.o(x$fpl$retnan)
    __ARM_scalbn                             0x08006837   Thumb Code    92  scalbn.o(x$fpl$scalbn)
    __fpl_cmpreturn                          0x08006893   Thumb Code    48  trapv.o(x$fpl$trapveneer)
    OLED_F8x16                               0x080068c2   Data        1520  oled_data.o(.constdata)
    __I$use$fp                               0x080068c2   Number         0  usenofp.o(x$fpl$usenofp)
    OLED_F6x8                                0x08006eb2   Data         570  oled_data.o(.constdata)
    OLED_F12x24                              0x080070ec   Data        3420  oled_data.o(.constdata)
    OLED_CF16x16                             0x08007e48   Data        1400  oled_data.o(.constdata)
    Diode                                    0x080083c0   Data          32  oled_data.o(.constdata)
    Return                                   0x080083e0   Data          32  oled_data.o(.constdata)
    Battery                                  0x08008400   Data          32  oled_data.o(.constdata)
    Timer                                    0x08008420   Data          96  oled_data.o(.constdata)
    Ground                                   0x08008480   Data         128  oled_data.o(.constdata)
    Cloud                                    0x08008500   Data           8  oled_data.o(.constdata)
    Enemy                                    0x08008508   Data          84  oled_data.o(.constdata)
    Diom                                     0x0800855c   Data          96  oled_data.o(.constdata)
    Menu                                     0x080085bc   Data        1024  oled_data.o(.constdata)
    Love                                     0x080089bc   Data        2048  oled_data.o(.constdata)
    Chosen                                   0x080091bc   Data         264  oled_data.o(.constdata)
    _monlen                                  0x08009305   Data          12  _monlen.o(.constdata)
    __mathlib_zero                           0x080093e0   Data           8  qnan.o(.constdata)
    Region$$Table$$Base                      0x08009594   Number         0  anon$$obj.o(Region$$Table)
    Region$$Table$$Limit                     0x080095b4   Number         0  anon$$obj.o(Region$$Table)
    __ctype                                  0x080095dd   Data           0  lc_ctype_c.o(locale$$data)
    MyRTC_Time                               0x20000000   Data          12  myrtc.o(.data)
    KeyNum                                   0x2000000c   Data           1  menu.o(.data)
    Menu_t                                   0x20000010   Data          28  menu.o(.data)
    ADvalue                                  0x2000002c   Data           2  menu.o(.data)
    VBTA                                     0x20000030   Data           4  menu.o(.data)
    Battery_Capacity                         0x20000034   Data           4  menu.o(.data)
    clkflag                                  0x20000038   Data           4  menu.o(.data)
    setflag                                  0x2000003c   Data           4  menu.o(.data)
    menuflag                                 0x20000040   Data           4  menu.o(.data)
    Key_Num                                  0x20000044   Data           1  key.o(.data)
    press_time                               0x20000048   Data           4  key.o(.data)
    settimeflag                              0x20000050   Data           4  settime.o(.data)
    game_setflag                             0x20000058   Data           1  function.o(.data)
    Dino_core                                0x2000005c   Data           4  function.o(.data)
    Dino_core_temp                           0x20000060   Data           4  function.o(.data)
    Dino_ground                              0x20000064   Data           8  function.o(.data)
    Dino_ground_tick                         0x2000006c   Data           4  function.o(.data)
    Dino_enemy                               0x20000070   Data           8  function.o(.data)
    jump_tick                                0x20000078   Data           4  function.o(.data)
    Jump_flag                                0x2000007c   Data           4  function.o(.data)
    rand_1                                   0x20000080   Data           4  function.o(.data)
    death_flag                               0x20000084   Data           4  function.o(.data)
    Dino_y                                   0x20000088   Data           4  function.o(.data)
    lighter_falg                             0x2000008c   Data           1  function.o(.data)
    count3                                   0x2000008e   Data           2  function.o(.data)
    timer3_flag                              0x20000090   Data           1  function.o(.data)
    ax                                       0x20000092   Data           2  function.o(.data)
    ay                                       0x20000094   Data           2  function.o(.data)
    az                                       0x20000096   Data           2  function.o(.data)
    gx                                       0x20000098   Data           2  function.o(.data)
    gy                                       0x2000009a   Data           2  function.o(.data)
    gz                                       0x2000009c   Data           2  function.o(.data)
    roll_g                                   0x200000a0   Data           4  function.o(.data)
    pitch_g                                  0x200000a4   Data           4  function.o(.data)
    yaw_g                                    0x200000a8   Data           4  function.o(.data)
    roll_a                                   0x200000ac   Data           4  function.o(.data)
    pitch_a                                  0x200000b0   Data           4  function.o(.data)
    Roll                                     0x200000b4   Data           4  function.o(.data)
    Pitch                                    0x200000b8   Data           4  function.o(.data)
    Yaw                                      0x200000bc   Data           4  function.o(.data)
    a                                        0x200000c0   Data           4  function.o(.data)
    Delta_t                                  0x200000c4   Data           4  function.o(.data)
    pi                                       0x200000c8   Data           8  function.o(.data)
    OLED_DisplayBuf                          0x200000d4   Data        1024  oled.o(.bss)
    _random_number_data                      0x200004e0   Data         228  rand.o(.bss)
    __libspace_start                         0x200005f0   Data          96  libspace.o(.bss)
    __temporary_stack_top$libspace           0x20000650   Data           0  libspace.o(.bss)



==============================================================================

Memory Map of the image

  Image Entry point : 0x080000ed

  Load Region LR_IROM1 (Base: 0x08000000, Size: 0x000097b4, Max: 0x00010000, ABSOLUTE)

    Execution Region ER_IROM1 (Exec base: 0x08000000, Load base: 0x08000000, Size: 0x000096e0, Max: 0x00010000, ABSOLUTE)

    Exec Addr    Load Addr    Size         Type   Attr      Idx    E Section Name        Object

    0x08000000   0x08000000   0x000000ec   Data   RO            3    RESET               startup_stm32f10x_md.o
    0x080000ec   0x080000ec   0x00000008   Code   RO         4191  * !!!main             c_w.l(__main.o)
    0x080000f4   0x080000f4   0x00000034   Code   RO         4663    !!!scatter          c_w.l(__scatter.o)
    0x08000128   0x08000128   0x0000001a   Code   RO         4665    !!handler_copy      c_w.l(__scatter_copy.o)
    0x08000142   0x08000142   0x00000002   PAD
    0x08000144   0x08000144   0x0000001c   Code   RO         4667    !!handler_zi        c_w.l(__scatter_zi.o)
    0x08000160   0x08000160   0x00000000   Code   RO         4355    .ARM.Collect$$_printf_percent$$00000000  c_w.l(_printf_percent.o)
    0x08000160   0x08000160   0x00000006   Code   RO         4344    .ARM.Collect$$_printf_percent$$00000001  c_w.l(_printf_n.o)
    0x08000166   0x08000166   0x00000006   Code   RO         4346    .ARM.Collect$$_printf_percent$$00000002  c_w.l(_printf_p.o)
    0x0800016c   0x0800016c   0x00000006   Code   RO         4351    .ARM.Collect$$_printf_percent$$00000003  c_w.l(_printf_f.o)
    0x08000172   0x08000172   0x00000006   Code   RO         4352    .ARM.Collect$$_printf_percent$$00000004  c_w.l(_printf_e.o)
    0x08000178   0x08000178   0x00000006   Code   RO         4353    .ARM.Collect$$_printf_percent$$00000005  c_w.l(_printf_g.o)
    0x0800017e   0x0800017e   0x00000006   Code   RO         4354    .ARM.Collect$$_printf_percent$$00000006  c_w.l(_printf_a.o)
    0x08000184   0x08000184   0x0000000a   Code   RO         4359    .ARM.Collect$$_printf_percent$$00000007  c_w.l(_printf_ll.o)
    0x0800018e   0x0800018e   0x00000006   Code   RO         4348    .ARM.Collect$$_printf_percent$$00000008  c_w.l(_printf_i.o)
    0x08000194   0x08000194   0x00000006   Code   RO         4349    .ARM.Collect$$_printf_percent$$00000009  c_w.l(_printf_d.o)
    0x0800019a   0x0800019a   0x00000006   Code   RO         4350    .ARM.Collect$$_printf_percent$$0000000A  c_w.l(_printf_u.o)
    0x080001a0   0x080001a0   0x00000006   Code   RO         4347    .ARM.Collect$$_printf_percent$$0000000B  c_w.l(_printf_o.o)
    0x080001a6   0x080001a6   0x00000006   Code   RO         4345    .ARM.Collect$$_printf_percent$$0000000C  c_w.l(_printf_x.o)
    0x080001ac   0x080001ac   0x00000006   Code   RO         4356    .ARM.Collect$$_printf_percent$$0000000D  c_w.l(_printf_lli.o)
    0x080001b2   0x080001b2   0x00000006   Code   RO         4357    .ARM.Collect$$_printf_percent$$0000000E  c_w.l(_printf_lld.o)
    0x080001b8   0x080001b8   0x00000006   Code   RO         4358    .ARM.Collect$$_printf_percent$$0000000F  c_w.l(_printf_llu.o)
    0x080001be   0x080001be   0x00000006   Code   RO         4363    .ARM.Collect$$_printf_percent$$00000010  c_w.l(_printf_llo.o)
    0x080001c4   0x080001c4   0x00000006   Code   RO         4364    .ARM.Collect$$_printf_percent$$00000011  c_w.l(_printf_llx.o)
    0x080001ca   0x080001ca   0x0000000a   Code   RO         4360    .ARM.Collect$$_printf_percent$$00000012  c_w.l(_printf_l.o)
    0x080001d4   0x080001d4   0x00000006   Code   RO         4342    .ARM.Collect$$_printf_percent$$00000013  c_w.l(_printf_c.o)
    0x080001da   0x080001da   0x00000006   Code   RO         4343    .ARM.Collect$$_printf_percent$$00000014  c_w.l(_printf_s.o)
    0x080001e0   0x080001e0   0x00000006   Code   RO         4361    .ARM.Collect$$_printf_percent$$00000015  c_w.l(_printf_lc.o)
    0x080001e6   0x080001e6   0x00000006   Code   RO         4362    .ARM.Collect$$_printf_percent$$00000016  c_w.l(_printf_ls.o)
    0x080001ec   0x080001ec   0x00000004   Code   RO         4510    .ARM.Collect$$_printf_percent$$00000017  c_w.l(_printf_percent_end.o)
    0x080001f0   0x080001f0   0x00000002   Code   RO         4578    .ARM.Collect$$libinit$$00000000  c_w.l(libinit.o)
    0x080001f2   0x080001f2   0x00000000   Code   RO         4369    .ARM.Collect$$libinit$$00000002  c_w.l(libinit2.o)
    0x080001f2   0x080001f2   0x00000000   Code   RO         4371    .ARM.Collect$$libinit$$00000004  c_w.l(libinit2.o)
    0x080001f2   0x080001f2   0x00000000   Code   RO         4374    .ARM.Collect$$libinit$$0000000A  c_w.l(libinit2.o)
    0x080001f2   0x080001f2   0x00000000   Code   RO         4376    .ARM.Collect$$libinit$$0000000C  c_w.l(libinit2.o)
    0x080001f2   0x080001f2   0x00000004   Code   RO         4377    .ARM.Collect$$libinit$$0000000D  c_w.l(libinit2.o)
    0x080001f6   0x080001f6   0x00000000   Code   RO         4378    .ARM.Collect$$libinit$$0000000E  c_w.l(libinit2.o)
    0x080001f6   0x080001f6   0x00000006   Code   RO         4379    .ARM.Collect$$libinit$$0000000F  c_w.l(libinit2.o)
    0x080001fc   0x080001fc   0x00000000   Code   RO         4381    .ARM.Collect$$libinit$$00000011  c_w.l(libinit2.o)
    0x080001fc   0x080001fc   0x0000000c   Code   RO         4382    .ARM.Collect$$libinit$$00000012  c_w.l(libinit2.o)
    0x08000208   0x08000208   0x00000000   Code   RO         4383    .ARM.Collect$$libinit$$00000013  c_w.l(libinit2.o)
    0x08000208   0x08000208   0x00000000   Code   RO         4385    .ARM.Collect$$libinit$$00000015  c_w.l(libinit2.o)
    0x08000208   0x08000208   0x0000000a   Code   RO         4386    .ARM.Collect$$libinit$$00000016  c_w.l(libinit2.o)
    0x08000212   0x08000212   0x00000000   Code   RO         4387    .ARM.Collect$$libinit$$00000017  c_w.l(libinit2.o)
    0x08000212   0x08000212   0x00000000   Code   RO         4389    .ARM.Collect$$libinit$$00000019  c_w.l(libinit2.o)
    0x08000212   0x08000212   0x00000000   Code   RO         4391    .ARM.Collect$$libinit$$0000001B  c_w.l(libinit2.o)
    0x08000212   0x08000212   0x00000000   Code   RO         4393    .ARM.Collect$$libinit$$0000001D  c_w.l(libinit2.o)
    0x08000212   0x08000212   0x00000000   Code   RO         4395    .ARM.Collect$$libinit$$0000001F  c_w.l(libinit2.o)
    0x08000212   0x08000212   0x00000000   Code   RO         4397    .ARM.Collect$$libinit$$00000021  c_w.l(libinit2.o)
    0x08000212   0x08000212   0x00000000   Code   RO         4399    .ARM.Collect$$libinit$$00000023  c_w.l(libinit2.o)
    0x08000212   0x08000212   0x00000000   Code   RO         4401    .ARM.Collect$$libinit$$00000025  c_w.l(libinit2.o)
    0x08000212   0x08000212   0x00000000   Code   RO         4405    .ARM.Collect$$libinit$$0000002C  c_w.l(libinit2.o)
    0x08000212   0x08000212   0x00000000   Code   RO         4407    .ARM.Collect$$libinit$$0000002E  c_w.l(libinit2.o)
    0x08000212   0x08000212   0x00000000   Code   RO         4409    .ARM.Collect$$libinit$$00000030  c_w.l(libinit2.o)
    0x08000212   0x08000212   0x00000000   Code   RO         4411    .ARM.Collect$$libinit$$00000032  c_w.l(libinit2.o)
    0x08000212   0x08000212   0x00000002   Code   RO         4412    .ARM.Collect$$libinit$$00000033  c_w.l(libinit2.o)
    0x08000214   0x08000214   0x00000002   Code   RO         4624    .ARM.Collect$$libshutdown$$00000000  c_w.l(libshutdown.o)
    0x08000216   0x08000216   0x00000000   Code   RO         4630    .ARM.Collect$$libshutdown$$00000002  c_w.l(libshutdown2.o)
    0x08000216   0x08000216   0x00000000   Code   RO         4632    .ARM.Collect$$libshutdown$$00000004  c_w.l(libshutdown2.o)
    0x08000216   0x08000216   0x00000000   Code   RO         4635    .ARM.Collect$$libshutdown$$00000007  c_w.l(libshutdown2.o)
    0x08000216   0x08000216   0x00000000   Code   RO         4638    .ARM.Collect$$libshutdown$$0000000A  c_w.l(libshutdown2.o)
    0x08000216   0x08000216   0x00000000   Code   RO         4640    .ARM.Collect$$libshutdown$$0000000C  c_w.l(libshutdown2.o)
    0x08000216   0x08000216   0x00000000   Code   RO         4643    .ARM.Collect$$libshutdown$$0000000F  c_w.l(libshutdown2.o)
    0x08000216   0x08000216   0x00000002   Code   RO         4644    .ARM.Collect$$libshutdown$$00000010  c_w.l(libshutdown2.o)
    0x08000218   0x08000218   0x00000000   Code   RO         4271    .ARM.Collect$$rtentry$$00000000  c_w.l(__rtentry.o)
    0x08000218   0x08000218   0x00000000   Code   RO         4476    .ARM.Collect$$rtentry$$00000002  c_w.l(__rtentry2.o)
    0x08000218   0x08000218   0x00000006   Code   RO         4488    .ARM.Collect$$rtentry$$00000004  c_w.l(__rtentry4.o)
    0x0800021e   0x0800021e   0x00000000   Code   RO         4478    .ARM.Collect$$rtentry$$00000009  c_w.l(__rtentry2.o)
    0x0800021e   0x0800021e   0x00000004   Code   RO         4479    .ARM.Collect$$rtentry$$0000000A  c_w.l(__rtentry2.o)
    0x08000222   0x08000222   0x00000000   Code   RO         4481    .ARM.Collect$$rtentry$$0000000C  c_w.l(__rtentry2.o)
    0x08000222   0x08000222   0x00000008   Code   RO         4482    .ARM.Collect$$rtentry$$0000000D  c_w.l(__rtentry2.o)
    0x0800022a   0x0800022a   0x00000002   Code   RO         4585    .ARM.Collect$$rtexit$$00000000  c_w.l(rtexit.o)
    0x0800022c   0x0800022c   0x00000000   Code   RO         4602    .ARM.Collect$$rtexit$$00000002  c_w.l(rtexit2.o)
    0x0800022c   0x0800022c   0x00000004   Code   RO         4603    .ARM.Collect$$rtexit$$00000003  c_w.l(rtexit2.o)
    0x08000230   0x08000230   0x00000006   Code   RO         4604    .ARM.Collect$$rtexit$$00000004  c_w.l(rtexit2.o)
    0x08000236   0x08000236   0x00000002   PAD
    0x08000238   0x08000238   0x00000034   Code   RO         4175    .emb_text           c_w.l(rand.o)
    0x0800026c   0x0800026c   0x00000040   Code   RO            4    .text               startup_stm32f10x_md.o
    0x080002ac   0x080002ac   0x00000024   Code   RO         4173    .text               c_w.l(vsprintf.o)
    0x080002d0   0x080002d0   0x0000003c   Code   RO         4176    .text               c_w.l(rand.o)
    0x0800030c   0x0800030c   0x00000064   Code   RO         4180    .text               c_w.l(rt_memcpy_w.o)
    0x08000370   0x08000370   0x00000080   Code   RO         4182    .text               c_w.l(strcmpv7m.o)
    0x080003f0   0x080003f0   0x0000000c   Code   RO         4184    .text               c_w.l(localtime.o)
    0x080003fc   0x080003fc   0x000001ac   Code   RO         4187    .text               c_w.l(mktime.o)
    0x080005a8   0x080005a8   0x00000006   Code   RO         4189    .text               c_w.l(heapauxi.o)
    0x080005ae   0x080005ae   0x00000016   Code   RO         4272    .text               c_w.l(_rserrno.o)
    0x080005c4   0x080005c4   0x0000004e   Code   RO         4276    .text               c_w.l(_printf_pad.o)
    0x08000612   0x08000612   0x00000024   Code   RO         4278    .text               c_w.l(_printf_truncate.o)
    0x08000636   0x08000636   0x00000052   Code   RO         4280    .text               c_w.l(_printf_str.o)
    0x08000688   0x08000688   0x00000078   Code   RO         4282    .text               c_w.l(_printf_dec.o)
    0x08000700   0x08000700   0x00000028   Code   RO         4284    .text               c_w.l(_printf_charcount.o)
    0x08000728   0x08000728   0x00000030   Code   RO         4286    .text               c_w.l(_printf_char_common.o)
    0x08000758   0x08000758   0x0000000a   Code   RO         4288    .text               c_w.l(_sputc.o)
    0x08000762   0x08000762   0x00000002   PAD
    0x08000764   0x08000764   0x000000bc   Code   RO         4290    .text               c_w.l(_printf_wctomb.o)
    0x08000820   0x08000820   0x0000007c   Code   RO         4293    .text               c_w.l(_printf_longlong_dec.o)
    0x0800089c   0x0800089c   0x00000070   Code   RO         4299    .text               c_w.l(_printf_oct_int_ll.o)
    0x0800090c   0x0800090c   0x00000094   Code   RO         4319    .text               c_w.l(_printf_hex_int_ll_ptr.o)
    0x080009a0   0x080009a0   0x00000188   Code   RO         4339    .text               c_w.l(__printf_flags_ss_wp.o)
    0x08000b28   0x08000b28   0x000000b8   Code   RO         4366    .text               c_w.l(localtime_internal.o)
    0x08000be0   0x08000be0   0x00000008   Code   RO         4493    .text               c_w.l(rt_errno_addr_intlibspace.o)
    0x08000be8   0x08000be8   0x0000008a   Code   RO         4495    .text               c_w.l(lludiv10.o)
    0x08000c72   0x08000c72   0x000000b2   Code   RO         4497    .text               c_w.l(_printf_intcommon.o)
    0x08000d24   0x08000d24   0x0000041e   Code   RO         4499    .text               c_w.l(_printf_fp_dec.o)
    0x08001142   0x08001142   0x00000002   PAD
    0x08001144   0x08001144   0x000002fc   Code   RO         4501    .text               c_w.l(_printf_fp_hex.o)
    0x08001440   0x08001440   0x0000002c   Code   RO         4506    .text               c_w.l(_printf_char.o)
    0x0800146c   0x0800146c   0x0000002c   Code   RO         4508    .text               c_w.l(_printf_wchar.o)
    0x08001498   0x08001498   0x00000040   Code   RO         4511    .text               c_w.l(_wcrtomb.o)
    0x080014d8   0x080014d8   0x0000004e   Code   RO         4513    .text               c_w.l(rt_memclr_w.o)
    0x08001526   0x08001526   0x00000002   PAD
    0x08001528   0x08001528   0x00000008   Code   RO         4525    .text               c_w.l(libspace.o)
    0x08001530   0x08001530   0x0000004a   Code   RO         4528    .text               c_w.l(sys_stackheap_outer.o)
    0x0800157a   0x0800157a   0x00000002   PAD
    0x0800157c   0x0800157c   0x00000010   Code   RO         4530    .text               c_w.l(rt_ctype_table.o)
    0x0800158c   0x0800158c   0x00000008   Code   RO         4535    .text               c_w.l(rt_locale_intlibspace.o)
    0x08001594   0x08001594   0x00000080   Code   RO         4537    .text               c_w.l(_printf_fp_infnan.o)
    0x08001614   0x08001614   0x000000e4   Code   RO         4539    .text               c_w.l(bigflt0.o)
    0x080016f8   0x080016f8   0x00000012   Code   RO         4567    .text               c_w.l(exit.o)
    0x0800170a   0x0800170a   0x00000002   Code   RO         4598    .text               c_w.l(use_no_semi.o)
    0x0800170c   0x0800170c   0x00000000   Code   RO         4600    .text               c_w.l(indicate_semi.o)
    0x0800170c   0x0800170c   0x0000000c   Code   RO         4616    .text               c_w.l(sys_exit.o)
    0x08001718   0x08001718   0x0000003e   Code   RO         4542    CL$$btod_d2e        c_w.l(btod.o)
    0x08001756   0x08001756   0x00000046   Code   RO         4544    CL$$btod_d2e_denorm_low  c_w.l(btod.o)
    0x0800179c   0x0800179c   0x00000060   Code   RO         4543    CL$$btod_d2e_norm_op1  c_w.l(btod.o)
    0x080017fc   0x080017fc   0x00000338   Code   RO         4552    CL$$btod_div_common  c_w.l(btod.o)
    0x08001b34   0x08001b34   0x000000dc   Code   RO         4549    CL$$btod_e2e        c_w.l(btod.o)
    0x08001c10   0x08001c10   0x0000002a   Code   RO         4546    CL$$btod_ediv       c_w.l(btod.o)
    0x08001c3a   0x08001c3a   0x0000002a   Code   RO         4545    CL$$btod_emul       c_w.l(btod.o)
    0x08001c64   0x08001c64   0x00000244   Code   RO         4551    CL$$btod_mult_common  c_w.l(btod.o)
    0x08001ea8   0x08001ea8   0x00000016   Code   RO          202    i.ADC_Cmd           stm32f10x_adc.o
    0x08001ebe   0x08001ebe   0x00000014   Code   RO          210    i.ADC_GetCalibrationStatus  stm32f10x_adc.o
    0x08001ed2   0x08001ed2   0x00000008   Code   RO          211    i.ADC_GetConversionValue  stm32f10x_adc.o
    0x08001eda   0x08001eda   0x00000012   Code   RO          213    i.ADC_GetFlagStatus  stm32f10x_adc.o
    0x08001eec   0x08001eec   0x00000014   Code   RO          216    i.ADC_GetResetCalibrationStatus  stm32f10x_adc.o
    0x08001f00   0x08001f00   0x00000050   Code   RO          220    i.ADC_Init          stm32f10x_adc.o
    0x08001f50   0x08001f50   0x000000b8   Code   RO          224    i.ADC_RegularChannelConfig  stm32f10x_adc.o
    0x08002008   0x08002008   0x0000000a   Code   RO          225    i.ADC_ResetCalibration  stm32f10x_adc.o
    0x08002012   0x08002012   0x00000016   Code   RO          227    i.ADC_SoftwareStartConvCmd  stm32f10x_adc.o
    0x08002028   0x08002028   0x0000000a   Code   RO          229    i.ADC_StartCalibration  stm32f10x_adc.o
    0x08002032   0x08002032   0x00000002   PAD
    0x08002034   0x08002034   0x00000024   Code   RO         4047    i.AD_GetValue       ad.o
    0x08002058   0x08002058   0x000000a0   Code   RO         4048    i.AD_Init           ad.o
    0x080020f8   0x080020f8   0x0000001c   Code   RO          431    i.BKP_ReadBackupRegister  stm32f10x_bkp.o
    0x08002114   0x08002114   0x0000001c   Code   RO          435    i.BKP_WriteBackupRegister  stm32f10x_bkp.o
    0x08002130   0x08002130   0x00000004   Code   RO         4108    i.BusFault_Handler  stm32f10x_it.o
    0x08002134   0x08002134   0x00000254   Code   RO         3729    i.Change_Time       settime.o
    0x08002388   0x08002388   0x00000078   Code   RO         3763    i.Collision_Detection  function.o
    0x08002400   0x08002400   0x00000002   Code   RO         4109    i.DebugMon_Handler  stm32f10x_it.o
    0x08002402   0x08002402   0x00000018   Code   RO         3196    i.Delay_ms          delay.o
    0x0800241a   0x0800241a   0x0000002e   Code   RO         3198    i.Delay_us          delay.o
    0x08002448   0x08002448   0x00000078   Code   RO         3764    i.Dino_Core_Tick    function.o
    0x080024c0   0x080024c0   0x00000068   Code   RO         3765    i.Dino_Iint         function.o
    0x08002528   0x08002528   0x000000b4   Code   RO         3766    i.Dino_Jump         function.o
    0x080025dc   0x080025dc   0x0000007c   Code   RO         3767    i.Dino_Run          function.o
    0x08002658   0x08002658   0x000000cc   Code   RO         3551    i.First_Page_Clock  menu.o
    0x08002724   0x08002724   0x000000bc   Code   RO         3768    i.Function_Game     function.o
    0x080027e0   0x080027e0   0x00000034   Code   RO         3769    i.Function_GameUI   function.o
    0x08002814   0x08002814   0x00000234   Code   RO         3770    i.Function_Game_Dino  function.o
    0x08002a48   0x08002a48   0x00000030   Code   RO         3771    i.Function_Gradienter  function.o
    0x08002a78   0x08002a78   0x000000e0   Code   RO         3772    i.Function_Lighter  function.o
    0x08002b58   0x08002b58   0x00000038   Code   RO         3773    i.Function_MPU6050  function.o
    0x08002b90   0x08002b90   0x00000060   Code   RO         3774    i.Function_Meme     function.o
    0x08002bf0   0x08002bf0   0x00000110   Code   RO         3776    i.Function_Timer3   function.o
    0x08002d00   0x08002d00   0x0000003c   Code   RO         3777    i.Function_Timer3_Add  function.o
    0x08002d3c   0x08002d3c   0x00000018   Code   RO         3778    i.Function_Timer3_Init  function.o
    0x08002d54   0x08002d54   0x00000088   Code   RO         3779    i.Function_TimerUI  function.o
    0x08002ddc   0x08002ddc   0x00000116   Code   RO         1347    i.GPIO_Init         stm32f10x_gpio.o
    0x08002ef2   0x08002ef2   0x00000012   Code   RO         1351    i.GPIO_ReadInputDataBit  stm32f10x_gpio.o
    0x08002f04   0x08002f04   0x00000004   Code   RO         1354    i.GPIO_ResetBits    stm32f10x_gpio.o
    0x08002f08   0x08002f08   0x00000004   Code   RO         1355    i.GPIO_SetBits      stm32f10x_gpio.o
    0x08002f0c   0x08002f0c   0x0000000a   Code   RO         1358    i.GPIO_WriteBit     stm32f10x_gpio.o
    0x08002f16   0x08002f16   0x00000002   PAD
    0x08002f18   0x08002f18   0x00000068   Code   RO         3780    i.Gradienter_UI     function.o
    0x08002f80   0x08002f80   0x00000004   Code   RO         4110    i.HardFault_Handler  stm32f10x_it.o
    0x08002f84   0x08002f84   0x00000034   Code   RO         3639    i.Key3_Tick         key.o
    0x08002fb8   0x08002fb8   0x0000001c   Code   RO         3640    i.Key_GetNum        key.o
    0x08002fd4   0x08002fd4   0x00000054   Code   RO         3641    i.Key_GetState      key.o
    0x08003028   0x08003028   0x00000044   Code   RO         3642    i.Key_Init          key.o
    0x0800306c   0x0800306c   0x00000050   Code   RO         3643    i.Key_Tick          key.o
    0x080030bc   0x080030bc   0x00000044   Code   RO         3781    i.Lighter_Init      function.o
    0x08003100   0x08003100   0x00000014   Code   RO         3782    i.Lighter_Off       function.o
    0x08003114   0x08003114   0x00000014   Code   RO         3783    i.Lighter_On        function.o
    0x08003128   0x08003128   0x0000003c   Code   RO         3784    i.Lighter_UI        function.o
    0x08003164   0x08003164   0x000001dc   Code   RO         3785    i.MPU6050_Calculation  function.o
    0x08003340   0x08003340   0x000000ac   Code   RO         3939    i.MPU6050_GetData   mpu6050.o
    0x080033ec   0x080033ec   0x00000038   Code   RO         3941    i.MPU6050_Init      mpu6050.o
    0x08003424   0x08003424   0x0000003e   Code   RO         3942    i.MPU6050_ReadReg   mpu6050.o
    0x08003462   0x08003462   0x00000002   PAD
    0x08003464   0x08003464   0x00000090   Code   RO         3786    i.MPU6050_UI        function.o
    0x080034f4   0x080034f4   0x0000002e   Code   RO         3943    i.MPU6050_WriteReg  mpu6050.o
    0x08003522   0x08003522   0x00000004   Code   RO         4111    i.MemManage_Handler  stm32f10x_it.o
    0x08003526   0x08003526   0x00000002   PAD
    0x08003528   0x08003528   0x00000024   Code   RO         3787    i.Meme_Tick         function.o
    0x0800354c   0x0800354c   0x00000104   Code   RO         3552    i.Menu_Control      menu.o
    0x08003650   0x08003650   0x00000008   Code   RO         3553    i.Menu_Move         menu.o
    0x08003658   0x08003658   0x000000c8   Code   RO         3554    i.Moving_MenuUI     menu.o
    0x08003720   0x08003720   0x00000038   Code   RO         3981    i.MyI2C_Init        myi2c.o
    0x08003758   0x08003758   0x0000001c   Code   RO         3982    i.MyI2C_R_SDA       myi2c.o
    0x08003774   0x08003774   0x0000001e   Code   RO         3983    i.MyI2C_ReceiveAck  myi2c.o
    0x08003792   0x08003792   0x00000032   Code   RO         3984    i.MyI2C_ReceiveByte  myi2c.o
    0x080037c4   0x080037c4   0x00000018   Code   RO         3985    i.MyI2C_SendAck     myi2c.o
    0x080037dc   0x080037dc   0x00000032   Code   RO         3986    i.MyI2C_SendByte    myi2c.o
    0x0800380e   0x0800380e   0x0000001c   Code   RO         3987    i.MyI2C_Start       myi2c.o
    0x0800382a   0x0800382a   0x00000016   Code   RO         3988    i.MyI2C_Stop        myi2c.o
    0x08003840   0x08003840   0x0000001c   Code   RO         3989    i.MyI2C_W_SCL       myi2c.o
    0x0800385c   0x0800385c   0x0000001c   Code   RO         3990    i.MyI2C_W_SDA       myi2c.o
    0x08003878   0x08003878   0x00000072   Code   RO         3220    i.MyRTC_Init        myrtc.o
    0x080038ea   0x080038ea   0x00000002   PAD
    0x080038ec   0x080038ec   0x00000048   Code   RO         3221    i.MyRTC_ReadTime    myrtc.o
    0x08003934   0x08003934   0x0000004c   Code   RO         3222    i.MyRTC_SetTime     myrtc.o
    0x08003980   0x08003980   0x00000002   Code   RO         4112    i.NMI_Handler       stm32f10x_it.o
    0x08003982   0x08003982   0x00000002   PAD
    0x08003984   0x08003984   0x00000070   Code   RO          137    i.NVIC_Init         misc.o
    0x080039f4   0x080039f4   0x00000014   Code   RO          138    i.NVIC_PriorityGroupConfig  misc.o
    0x08003a08   0x08003a08   0x00000028   Code   RO         3293    i.OLED_Clear        oled.o
    0x08003a30   0x08003a30   0x00000090   Code   RO         3294    i.OLED_ClearArea    oled.o
    0x08003ac0   0x08003ac0   0x00000160   Code   RO         3296    i.OLED_DrawCircle   oled.o
    0x08003c20   0x08003c20   0x00000050   Code   RO         3299    i.OLED_DrawPoint    oled.o
    0x08003c70   0x08003c70   0x00000060   Code   RO         3302    i.OLED_GPIO_Init    oled.o
    0x08003cd0   0x08003cd0   0x0000003e   Code   RO         3304    i.OLED_I2C_SendByte  oled.o
    0x08003d0e   0x08003d0e   0x0000001c   Code   RO         3305    i.OLED_I2C_Start    oled.o
    0x08003d2a   0x08003d2a   0x00000016   Code   RO         3306    i.OLED_I2C_Stop     oled.o
    0x08003d40   0x08003d40   0x0000009a   Code   RO         3307    i.OLED_Init         oled.o
    0x08003dda   0x08003dda   0x00000014   Code   RO         3309    i.OLED_Pow          oled.o
    0x08003dee   0x08003dee   0x00000032   Code   RO         3310    i.OLED_Printf       oled.o
    0x08003e20   0x08003e20   0x00000090   Code   RO         3312    i.OLED_ReverseArea  oled.o
    0x08003eb0   0x08003eb0   0x00000022   Code   RO         3313    i.OLED_SetCursor    oled.o
    0x08003ed2   0x08003ed2   0x00000002   PAD
    0x08003ed4   0x08003ed4   0x00000078   Code   RO         3315    i.OLED_ShowChar     oled.o
    0x08003f4c   0x08003f4c   0x000000fc   Code   RO         3318    i.OLED_ShowImage    oled.o
    0x08004048   0x08004048   0x0000004c   Code   RO         3319    i.OLED_ShowNum      oled.o
    0x08004094   0x08004094   0x00000110   Code   RO         3321    i.OLED_ShowString   oled.o
    0x080041a4   0x080041a4   0x00000028   Code   RO         3322    i.OLED_Update       oled.o
    0x080041cc   0x080041cc   0x00000018   Code   RO         3324    i.OLED_W_SCL        oled.o
    0x080041e4   0x080041e4   0x00000018   Code   RO         3325    i.OLED_W_SDA        oled.o
    0x080041fc   0x080041fc   0x00000020   Code   RO         3326    i.OLED_WriteCommand  oled.o
    0x0800421c   0x0800421c   0x0000002e   Code   RO         3327    i.OLED_WriteData    oled.o
    0x0800424a   0x0800424a   0x00000002   PAD
    0x0800424c   0x0800424c   0x0000000c   Code   RO         1710    i.PWR_BackupAccessCmd  stm32f10x_pwr.o
    0x08004258   0x08004258   0x00000002   Code   RO         4113    i.PendSV_Handler    stm32f10x_it.o
    0x0800425a   0x0800425a   0x00000024   Code   RO         3555    i.Peripheral_Init   menu.o
    0x0800427e   0x0800427e   0x00000002   PAD
    0x08004280   0x08004280   0x00000018   Code   RO         1773    i.RCC_ADCCLKConfig  stm32f10x_rcc.o
    0x08004298   0x08004298   0x00000020   Code   RO         1775    i.RCC_APB1PeriphClockCmd  stm32f10x_rcc.o
    0x080042b8   0x080042b8   0x00000020   Code   RO         1777    i.RCC_APB2PeriphClockCmd  stm32f10x_rcc.o
    0x080042d8   0x080042d8   0x0000003c   Code   RO         1786    i.RCC_GetFlagStatus  stm32f10x_rcc.o
    0x08004314   0x08004314   0x00000034   Code   RO         1793    i.RCC_LSEConfig     stm32f10x_rcc.o
    0x08004348   0x08004348   0x0000000c   Code   RO         1800    i.RCC_RTCCLKCmd     stm32f10x_rcc.o
    0x08004354   0x08004354   0x00000010   Code   RO         1801    i.RCC_RTCCLKConfig  stm32f10x_rcc.o
    0x08004364   0x08004364   0x00000014   Code   RO         1978    i.RTC_EnterConfigMode  stm32f10x_rtc.o
    0x08004378   0x08004378   0x00000014   Code   RO         1979    i.RTC_ExitConfigMode  stm32f10x_rtc.o
    0x0800438c   0x0800438c   0x00000014   Code   RO         1980    i.RTC_GetCounter    stm32f10x_rtc.o
    0x080043a0   0x080043a0   0x0000001c   Code   RO         1986    i.RTC_SetCounter    stm32f10x_rtc.o
    0x080043bc   0x080043bc   0x00000020   Code   RO         1987    i.RTC_SetPrescaler  stm32f10x_rtc.o
    0x080043dc   0x080043dc   0x00000014   Code   RO         1988    i.RTC_WaitForLastTask  stm32f10x_rtc.o
    0x080043f0   0x080043f0   0x00000024   Code   RO         1989    i.RTC_WaitForSynchro  stm32f10x_rtc.o
    0x08004414   0x08004414   0x00000002   Code   RO         4114    i.SVC_Handler       stm32f10x_it.o
    0x08004416   0x08004416   0x00000008   Code   RO           24    i.SetSysClock       system_stm32f10x.o
    0x0800441e   0x0800441e   0x00000002   PAD
    0x08004420   0x08004420   0x000000e0   Code   RO           25    i.SetSysClockTo72   system_stm32f10x.o
    0x08004500   0x08004500   0x0000014c   Code   RO         3730    i.Set_Time          settime.o
    0x0800464c   0x0800464c   0x000000b4   Code   RO         3556    i.Setting_Page      menu.o
    0x08004700   0x08004700   0x0000014c   Code   RO         3557    i.Show_Battery      menu.o
    0x0800484c   0x0800484c   0x00000090   Code   RO         3558    i.Show_Clock_UI     menu.o
    0x080048dc   0x080048dc   0x0000006c   Code   RO         3731    i.Show_SetTime_FirstUI  settime.o
    0x08004948   0x08004948   0x0000006c   Code   RO         3732    i.Show_SetTime_SecondUI  settime.o
    0x080049b4   0x080049b4   0x00000034   Code   RO         3559    i.Show_Setting_UI   menu.o
    0x080049e8   0x080049e8   0x00000002   Code   RO         4115    i.SysTick_Handler   stm32f10x_it.o
    0x080049ea   0x080049ea   0x00000002   PAD
    0x080049ec   0x080049ec   0x00000060   Code   RO           27    i.SystemInit        system_stm32f10x.o
    0x08004a4c   0x08004a4c   0x00000028   Code   RO         4065    i.TIM2_IRQHandler   main.o
    0x08004a74   0x08004a74   0x00000020   Code   RO         4066    i.TIM3_IRQHandler   main.o
    0x08004a94   0x08004a94   0x00000006   Code   RO         2415    i.TIM_ClearFlag     stm32f10x_tim.o
    0x08004a9a   0x08004a9a   0x00000006   Code   RO         2416    i.TIM_ClearITPendingBit  stm32f10x_tim.o
    0x08004aa0   0x08004aa0   0x00000018   Code   RO         2421    i.TIM_Cmd           stm32f10x_tim.o
    0x08004ab8   0x08004ab8   0x00000022   Code   RO         2442    i.TIM_GetITStatus   stm32f10x_tim.o
    0x08004ada   0x08004ada   0x00000012   Code   RO         2446    i.TIM_ITConfig      stm32f10x_tim.o
    0x08004aec   0x08004aec   0x0000000c   Code   RO         2448    i.TIM_InternalClockConfig  stm32f10x_tim.o
    0x08004af8   0x08004af8   0x000000a4   Code   RO         2492    i.TIM_TimeBaseInit  stm32f10x_tim.o
    0x08004b9c   0x08004b9c   0x00000078   Code   RO         3262    i.Timer3_Init       timer3.o
    0x08004c14   0x08004c14   0x00000010   Code   RO         3263    i.Timer3_On         timer3.o
    0x08004c24   0x08004c24   0x00000028   Code   RO         3264    i.Timer3_Reset      timer3.o
    0x08004c4c   0x08004c4c   0x00000010   Code   RO         3265    i.Timer3_Stop       timer3.o
    0x08004c5c   0x08004c5c   0x0000007c   Code   RO         3250    i.Timer_Init        timer.o
    0x08004cd8   0x08004cd8   0x00000010   Code   RO         3788    i.Timer_Tick        function.o
    0x08004ce8   0x08004ce8   0x00000004   Code   RO         4116    i.UsageFault_Handler  stm32f10x_it.o
    0x08004cec   0x08004cec   0x00000028   Code   RO         4521    i.__ARM_fpclassify  m_ws.l(fpclassify.o)
    0x08004d14   0x08004d14   0x00000388   Code   RO         4464    i.__ieee754_rem_pio2  m_ws.l(rred.o)
    0x0800509c   0x0800509c   0x000000fc   Code   RO         4446    i.__kernel_cos      m_ws.l(cos_i.o)
    0x08005198   0x08005198   0x000000aa   Code   RO         4523    i.__kernel_poly     m_ws.l(poly.o)
    0x08005242   0x08005242   0x00000002   PAD
    0x08005244   0x08005244   0x000000ec   Code   RO         4469    i.__kernel_sin      m_ws.l(sin_i.o)
    0x08005330   0x08005330   0x00000006   Code   RO         4450    i.__mathlib_dbl_infnan  m_ws.l(dunder.o)
    0x08005336   0x08005336   0x00000004   Code   RO         4451    i.__mathlib_dbl_infnan2  m_ws.l(dunder.o)
    0x0800533a   0x0800533a   0x0000000c   Code   RO         4452    i.__mathlib_dbl_invalid  m_ws.l(dunder.o)
    0x08005346   0x08005346   0x00000002   PAD
    0x08005348   0x08005348   0x00000010   Code   RO         4455    i.__mathlib_dbl_underflow  m_ws.l(dunder.o)
    0x08005358   0x08005358   0x0000000e   Code   RO         4332    i._is_digit         c_w.l(__printf_wp.o)
    0x08005366   0x08005366   0x00000002   PAD
    0x08005368   0x08005368   0x00000220   Code   RO         4437    i.atan              m_ws.l(atan.o)
    0x08005588   0x08005588   0x00000180   Code   RO         4254    i.atan2             m_ws.l(atan2.o)
    0x08005708   0x08005708   0x00000024   Code   RO         4067    i.main              main.o
    0x0800572c   0x0800572c   0x000000a0   Code   RO         4264    i.sin               m_ws.l(sin.o)
    0x080057cc   0x080057cc   0x0000002c   Code   RO         4565    locale$$code        c_w.l(lc_numeric_c.o)
    0x080057f8   0x080057f8   0x0000002c   Code   RO         4590    locale$$code        c_w.l(lc_ctype_c.o)
    0x08005824   0x08005824   0x00000062   Code   RO         4193    x$fpl$d2f           fz_ws.l(d2f.o)
    0x08005886   0x08005886   0x00000002   PAD
    0x08005888   0x08005888   0x00000150   Code   RO         4195    x$fpl$dadd          fz_ws.l(daddsub_clz.o)
    0x080059d8   0x080059d8   0x00000010   Code   RO         4579    x$fpl$dcheck1       fz_ws.l(dcheck1.o)
    0x080059e8   0x080059e8   0x000002b0   Code   RO         4202    x$fpl$ddiv          fz_ws.l(ddiv.o)
    0x08005c98   0x08005c98   0x0000005e   Code   RO         4205    x$fpl$dfix          fz_ws.l(dfix.o)
    0x08005cf6   0x08005cf6   0x0000002e   Code   RO         4214    x$fpl$dflt          fz_ws.l(dflt_clz.o)
    0x08005d24   0x08005d24   0x00000026   Code   RO         4213    x$fpl$dfltu         fz_ws.l(dflt_clz.o)
    0x08005d4a   0x08005d4a   0x00000002   PAD
    0x08005d4c   0x08005d4c   0x00000154   Code   RO         4221    x$fpl$dmul          fz_ws.l(dmul.o)
    0x08005ea0   0x08005ea0   0x0000009c   Code   RO         4415    x$fpl$dnaninf       fz_ws.l(dnaninf.o)
    0x08005f3c   0x08005f3c   0x0000000c   Code   RO         4417    x$fpl$dretinf       fz_ws.l(dretinf.o)
    0x08005f48   0x08005f48   0x00000016   Code   RO         4196    x$fpl$drsb          fz_ws.l(daddsub_clz.o)
    0x08005f5e   0x08005f5e   0x00000002   PAD
    0x08005f60   0x08005f60   0x000001d4   Code   RO         4197    x$fpl$dsub          fz_ws.l(daddsub_clz.o)
    0x08006134   0x08006134   0x00000056   Code   RO         4225    x$fpl$f2d           fz_ws.l(f2d.o)
    0x0800618a   0x0800618a   0x00000002   PAD
    0x0800618c   0x0800618c   0x000000c4   Code   RO         4227    x$fpl$fadd          fz_ws.l(faddsub_clz.o)
    0x08006250   0x08006250   0x00000018   Code   RO         4421    x$fpl$fcmpinf       fz_ws.l(fcmpi.o)
    0x08006268   0x08006268   0x00000184   Code   RO         4234    x$fpl$fdiv          fz_ws.l(fdiv.o)
    0x080063ec   0x080063ec   0x00000036   Code   RO         4237    x$fpl$ffix          fz_ws.l(ffix.o)
    0x08006422   0x08006422   0x00000002   PAD
    0x08006424   0x08006424   0x00000030   Code   RO         4242    x$fpl$fflt          fz_ws.l(fflt_clz.o)
    0x08006454   0x08006454   0x00000026   Code   RO         4241    x$fpl$ffltu         fz_ws.l(fflt_clz.o)
    0x0800647a   0x0800647a   0x00000002   PAD
    0x0800647c   0x0800647c   0x00000068   Code   RO         4247    x$fpl$fleqf         fz_ws.l(fleqf.o)
    0x080064e4   0x080064e4   0x00000102   Code   RO         4249    x$fpl$fmul          fz_ws.l(fmul.o)
    0x080065e6   0x080065e6   0x0000008c   Code   RO         4423    x$fpl$fnaninf       fz_ws.l(fnaninf.o)
    0x08006672   0x08006672   0x0000000a   Code   RO         4425    x$fpl$fretinf       fz_ws.l(fretinf.o)
    0x0800667c   0x0800667c   0x00000062   Code   RO         4251    x$fpl$frleqf        fz_ws.l(frleqf.o)
    0x080066de   0x080066de   0x00000002   PAD
    0x080066e0   0x080066e0   0x000000ea   Code   RO         4229    x$fpl$fsub          fz_ws.l(faddsub_clz.o)
    0x080067ca   0x080067ca   0x00000004   Code   RO         4427    x$fpl$printf1       fz_ws.l(printf1.o)
    0x080067ce   0x080067ce   0x00000004   Code   RO         4429    x$fpl$printf2       fz_ws.l(printf2.o)
    0x080067d2   0x080067d2   0x00000064   Code   RO         4596    x$fpl$retnan        fz_ws.l(retnan.o)
    0x08006836   0x08006836   0x0000005c   Code   RO         4519    x$fpl$scalbn        fz_ws.l(scalbn.o)
    0x08006892   0x08006892   0x00000030   Code   RO         4614    x$fpl$trapveneer    fz_ws.l(trapv.o)
    0x080068c2   0x080068c2   0x00000000   Code   RO         4435    x$fpl$usenofp       fz_ws.l(usenofp.o)
    0x080068c2   0x080068c2   0x00002a02   Data   RO         3539    .constdata          oled_data.o
    0x080092c4   0x080092c4   0x00000008   Data   RO         4291    .constdata          c_w.l(_printf_wctomb.o)
    0x080092cc   0x080092cc   0x00000028   Data   RO         4320    .constdata          c_w.l(_printf_hex_int_ll_ptr.o)
    0x080092f4   0x080092f4   0x00000011   Data   RO         4340    .constdata          c_w.l(__printf_flags_ss_wp.o)
    0x08009305   0x08009305   0x0000000c   Data   RO         4365    .constdata          c_w.l(_monlen.o)
    0x08009311   0x08009311   0x00000007   PAD
    0x08009318   0x08009318   0x00000098   Data   RO         4438    .constdata          m_ws.l(atan.o)
    0x080093b0   0x080093b0   0x00000030   Data   RO         4447    .constdata          m_ws.l(cos_i.o)
    0x080093e0   0x080093e0   0x00000008   Data   RO         4463    .constdata          m_ws.l(qnan.o)
    0x080093e8   0x080093e8   0x000000c8   Data   RO         4466    .constdata          m_ws.l(rred.o)
    0x080094b0   0x080094b0   0x00000028   Data   RO         4470    .constdata          m_ws.l(sin_i.o)
    0x080094d8   0x080094d8   0x00000026   Data   RO         4502    .constdata          c_w.l(_printf_fp_hex.o)
    0x080094fe   0x080094fe   0x00000002   PAD
    0x08009500   0x08009500   0x00000094   Data   RO         4540    .constdata          c_w.l(bigflt0.o)
    0x08009594   0x08009594   0x00000020   Data   RO         4661    Region$$Table       anon$$obj.o
    0x080095b4   0x080095b4   0x0000001c   Data   RO         4564    locale$$data        c_w.l(lc_numeric_c.o)
    0x080095d0   0x080095d0   0x00000110   Data   RO         4589    locale$$data        c_w.l(lc_ctype_c.o)


    Execution Region RW_IRAM1 (Exec base: 0x20000000, Load base: 0x080096e0, Size: 0x00000c50, Max: 0x00005000, ABSOLUTE)

    Exec Addr    Load Addr    Size         Type   Attr      Idx    E Section Name        Object

    0x20000000   0x080096e0   0x0000000c   Data   RW         3223    .data               myrtc.o
    0x2000000c   0x080096ec   0x00000038   Data   RW         3560    .data               menu.o
    0x20000044   0x08009724   0x0000000b   Data   RW         3644    .data               key.o
    0x2000004f   0x0800972f   0x00000001   PAD
    0x20000050   0x08009730   0x00000004   Data   RW         3733    .data               settime.o
    0x20000054   0x08009734   0x00000004   PAD
    0x20000058   0x08009738   0x00000079   Data   RW         3790    .data               function.o
    0x200000d1   0x080097b1   0x00000003   PAD
    0x200000d4        -       0x00000400   Zero   RW         3329    .bss                oled.o
    0x200004d4        -       0x0000000c   Zero   RW         3789    .bss                function.o
    0x200004e0        -       0x000000e4   Zero   RW         4177    .bss                c_w.l(rand.o)
    0x200005c4        -       0x0000002c   Zero   RW         4185    .bss                c_w.l(localtime.o)
    0x200005f0        -       0x00000060   Zero   RW         4526    .bss                c_w.l(libspace.o)
    0x20000650        -       0x00000200   Zero   RW            2    HEAP                startup_stm32f10x_md.o
    0x20000850        -       0x00000400   Zero   RW            1    STACK               startup_stm32f10x_md.o


==============================================================================

Image component sizes


      Code (inc. data)   RO Data    RW Data    ZI Data      Debug   Object Name

       196         14          0          0          0       1176   ad.o
         0          0          0          0          0       4500   core_cm3.o
        70          0          0          0          0       1058   delay.o
      3312        474          0        121         12      16134   function.o
       312         52          0         11          0       3115   key.o
       108          4          0          0          0       1575   main.o
      1416        166          0         56          0       6863   menu.o
       132         22          0          0          0     214167   misc.o
       336          0          0          0          0       3098   mpu6050.o
       344         18          0          0          0       5534   myi2c.o
       262         10          0         12          0       3339   myrtc.o
      2112         62          0          0       1024      16097   oled.o
         0          0      10754          0          0       1780   oled_data.o
      1144        126          0          4          0       3274   settime.o
        64         26        236          0       1536        864   startup_stm32f10x_md.o
       394         10          0          0          0      19165   stm32f10x_adc.o
        56         10          0          0          0       2283   stm32f10x_bkp.o
       314          0          0          0          0      12804   stm32f10x_gpio.o
        26          0          0          0          0       4342   stm32f10x_it.o
        12          6          0          0          0        542   stm32f10x_pwr.o
       228         38          0          0          0       4128   stm32f10x_rcc.o
       176         34          0          0          0       3747   stm32f10x_rtc.o
       264         42          0          0          0      25228   stm32f10x_tim.o
       328         28          0          0          0      30881   system_stm32f10x.o
       124          0          0          0          0        617   timer.o
       192         24          0          0          0       2107   timer3.o

    ----------------------------------------------------------------------
     11944       1166      11022        212       2572     388418   Object Totals
         0          0         32          0          0          0   (incl. Generated)
        22          0          0          8          0          0   (incl. Padding)

    ----------------------------------------------------------------------

      Code (inc. data)   RO Data    RW Data    ZI Data      Debug   Library Member Name

         8          0          0          0          0         68   __main.o
       392          4         17          0          0         92   __printf_flags_ss_wp.o
        14          0          0          0          0         68   __printf_wp.o
         0          0          0          0          0          0   __rtentry.o
        12          0          0          0          0          0   __rtentry2.o
         6          0          0          0          0          0   __rtentry4.o
        52          8          0          0          0          0   __scatter.o
        26          0          0          0          0          0   __scatter_copy.o
        28          0          0          0          0          0   __scatter_zi.o
         0          0         12          0          0          0   _monlen.o
         6          0          0          0          0          0   _printf_a.o
         6          0          0          0          0          0   _printf_c.o
        44          0          0          0          0        108   _printf_char.o
        48          6          0          0          0         96   _printf_char_common.o
        40          0          0          0          0         68   _printf_charcount.o
         6          0          0          0          0          0   _printf_d.o
       120         16          0          0          0         92   _printf_dec.o
         6          0          0          0          0          0   _printf_e.o
         6          0          0          0          0          0   _printf_f.o
      1054          0          0          0          0        216   _printf_fp_dec.o
       764          8         38          0          0        100   _printf_fp_hex.o
       128         16          0          0          0         84   _printf_fp_infnan.o
         6          0          0          0          0          0   _printf_g.o
       148          4         40          0          0        160   _printf_hex_int_ll_ptr.o
         6          0          0          0          0          0   _printf_i.o
       178          0          0          0          0         88   _printf_intcommon.o
        10          0          0          0          0          0   _printf_l.o
         6          0          0          0          0          0   _printf_lc.o
        10          0          0          0          0          0   _printf_ll.o
         6          0          0          0          0          0   _printf_lld.o
         6          0          0          0          0          0   _printf_lli.o
         6          0          0          0          0          0   _printf_llo.o
         6          0          0          0          0          0   _printf_llu.o
         6          0          0          0          0          0   _printf_llx.o
       124         16          0          0          0         92   _printf_longlong_dec.o
         6          0          0          0          0          0   _printf_ls.o
         6          0          0          0          0          0   _printf_n.o
         6          0          0          0          0          0   _printf_o.o
       112         10          0          0          0        124   _printf_oct_int_ll.o
         6          0          0          0          0          0   _printf_p.o
        78          0          0          0          0        108   _printf_pad.o
         0          0          0          0          0          0   _printf_percent.o
         4          0          0          0          0          0   _printf_percent_end.o
         6          0          0          0          0          0   _printf_s.o
        82          0          0          0          0         80   _printf_str.o
        36          0          0          0          0         84   _printf_truncate.o
         6          0          0          0          0          0   _printf_u.o
        44          0          0          0          0        108   _printf_wchar.o
       188          6          8          0          0         92   _printf_wctomb.o
         6          0          0          0          0          0   _printf_x.o
        22          0          0          0          0        100   _rserrno.o
        10          0          0          0          0         68   _sputc.o
        64          0          0          0          0         92   _wcrtomb.o
       228          4        148          0          0         96   bigflt0.o
      1936        128          0          0          0        672   btod.o
        18          0          0          0          0         80   exit.o
         6          0          0          0          0        152   heapauxi.o
         0          0          0          0          0          0   indicate_semi.o
        44         10        272          0          0         76   lc_ctype_c.o
        44         10         28          0          0         76   lc_numeric_c.o
         2          0          0          0          0          0   libinit.o
        34          0          0          0          0          0   libinit2.o
         2          0          0          0          0          0   libshutdown.o
         2          0          0          0          0          0   libshutdown2.o
         8          4          0          0         96         68   libspace.o
       138          0          0          0          0         80   lludiv10.o
        12          6          0          0         44         68   localtime.o
       184          6          0          0          0         80   localtime_internal.o
       428         10          0          0          0        116   mktime.o
       112         18          0          0        228        160   rand.o
        16          4          0          0          0         76   rt_ctype_table.o
         8          4          0          0          0         68   rt_errno_addr_intlibspace.o
         8          4          0          0          0         68   rt_locale_intlibspace.o
        78          0          0          0          0         80   rt_memclr_w.o
       100          0          0          0          0         80   rt_memcpy_w.o
         2          0          0          0          0          0   rtexit.o
        10          0          0          0          0          0   rtexit2.o
       128          0          0          0          0         68   strcmpv7m.o
        12          4          0          0          0         68   sys_exit.o
        74          0          0          0          0         80   sys_stackheap_outer.o
         2          0          0          0          0         68   use_no_semi.o
        36          4          0          0          0         76   vsprintf.o
        98          4          0          0          0         92   d2f.o
       826         16          0          0          0        348   daddsub_clz.o
        16          4          0          0          0         68   dcheck1.o
       688        140          0          0          0        208   ddiv.o
        94          4          0          0          0         92   dfix.o
        84          0          0          0          0        136   dflt_clz.o
       340         12          0          0          0        104   dmul.o
       156          4          0          0          0         92   dnaninf.o
        12          0          0          0          0         68   dretinf.o
        86          4          0          0          0         84   f2d.o
       430          8          0          0          0        168   faddsub_clz.o
        24          0          0          0          0         68   fcmpi.o
       388         76          0          0          0         96   fdiv.o
        54          4          0          0          0         84   ffix.o
        86          0          0          0          0        136   fflt_clz.o
       104          4          0          0          0         84   fleqf.o
       258          4          0          0          0         84   fmul.o
       140          4          0          0          0         84   fnaninf.o
        10          0          0          0          0         68   fretinf.o
        98          0          0          0          0         68   frleqf.o
         4          0          0          0          0         68   printf1.o
         4          0          0          0          0         68   printf2.o
       100          0          0          0          0         68   retnan.o
        92          0          0          0          0         68   scalbn.o
        48          0          0          0          0         68   trapv.o
         0          0          0          0          0          0   usenofp.o
       544         70        152          0          0        124   atan.o
       384         38          0          0          0        144   atan2.o
       252         22         48          0          0        124   cos_i.o
        38          6          0          0          0        272   dunder.o
        40          0          0          0          0         68   fpclassify.o
       170          0          0          0          0         96   poly.o
         0          0          8          0          0          0   qnan.o
       904         76        200          0          0        140   rred.o
       160         10          0          0          0        108   sin.o
       236         12         40          0          0        128   sin_i.o

    ----------------------------------------------------------------------
     14638        832       1020          0        368       8420   Library Totals
        32          0          9          0          0          0   (incl. Padding)

    ----------------------------------------------------------------------

      Code (inc. data)   RO Data    RW Data    ZI Data      Debug   Library Name

      7638        310        563          0        368       4644   c_w.l
      4240        288          0          0          0       2572   fz_ws.l
      2728        234        448          0          0       1204   m_ws.l

    ----------------------------------------------------------------------
     14638        832       1020          0        368       8420   Library Totals

    ----------------------------------------------------------------------

==============================================================================


      Code (inc. data)   RO Data    RW Data    ZI Data      Debug   

     26582       1998      12042        212       2940     384770   Grand Totals
     26582       1998      12042        212       2940     384770   ELF Image Totals
     26582       1998      12042        212          0          0   ROM Totals

==============================================================================

    Total RO  Size (Code + RO Data)                38624 (  37.72kB)
    Total RW  Size (RW Data + ZI Data)              3152 (   3.08kB)
    Total ROM Size (Code + RO Data + RW Data)      38836 (  37.93kB)

==============================================================================

