<html>
<body>
<pre>
<h1>�Vision Build Log</h1>
<h2>Tool Versions:</h2>
IDE-Version: µVision V5.24.2.0
Copyright (C) 2017 ARM Ltd and ARM Germany GmbH. All rights reserved.
License Information: 1 1, 1, LIC=47GU5-GWCVD-Z91G9-4CV3H-T75GJ-GTR65
 
Tool Versions:
Toolchain:       MDK-ARM Plus  Version: 5.24.1
Toolchain Path:  D:\Keil 5\ARM\ARMCC\Bin
C Compiler:      Armcc.exe V5.06 update 5 (build 528)
Assembler:       Armasm.exe V5.06 update 5 (build 528)
Linker/Locator:  ArmLink.exe V5.06 update 5 (build 528)
Library Manager: ArmAr.exe V5.06 update 5 (build 528)
Hex Converter:   FromElf.exe V5.06 update 5 (build 528)
CPU DLL:         SARMCM3.DLL V5.24.1
Dialog DLL:      DCM.DLL V1.16.0.0
Target DLL:      STLink\ST-LINKIII-KEIL_SWO.dll V3.0.1.0
Dialog DLL:      TCM.DLL V1.32.0.0
 
<h2>Project:</h2>
D:\Keil 5\Project\STM32 智能手表重制版(github)\原项目\STM32智能手表\STM32智能手表\Project.uvprojx
Project File Date:  03/05/2026

<h2>Output:</h2>
*** Using Compiler 'V5.06 update 5 (build 528)', folder: 'D:\Keil 5\ARM\ARMCC\Bin'
Rebuild target 'Target 1'
assembling startup_stm32f10x_md.s...
compiling misc.c...
compiling system_stm32f10x.c...
compiling core_cm3.c...
compiling stm32f10x_bkp.c...
compiling stm32f10x_crc.c...
compiling stm32f10x_dbgmcu.c...
compiling stm32f10x_dac.c...
compiling stm32f10x_exti.c...
compiling stm32f10x_dma.c...
compiling stm32f10x_cec.c...
compiling stm32f10x_can.c...
compiling stm32f10x_adc.c...
compiling stm32f10x_flash.c...
compiling stm32f10x_fsmc.c...
compiling stm32f10x_gpio.c...
compiling stm32f10x_i2c.c...
compiling stm32f10x_iwdg.c...
compiling stm32f10x_pwr.c...
compiling stm32f10x_rtc.c...
compiling stm32f10x_rcc.c...
compiling stm32f10x_sdio.c...
compiling stm32f10x_spi.c...
compiling OLED_Data.c...
compiling stm32f10x_wwdg.c...
compiling Delay.c...
compiling stm32f10x_usart.c...
compiling MyRTC.c...
compiling stm32f10x_tim.c...
compiling Timer.c...
compiling Timer3.c...
compiling OLED.c...
compiling Key.c...
Hardware\Key.c(85): warning:  #1-D: last line of file ends without a newline
  }
Hardware\Key.c: 1 warning, 0 errors
compiling LED.c...
compiling menu.c...
Hardware\menu.c(21): warning:  #223-D: function "Timer_Init" declared implicitly
  	Timer_Init();
Hardware\menu.c(22): warning:  #223-D: function "Timer3_Init" declared implicitly
  	Timer3_Init();
Hardware\menu.c(271): warning:  #111-D: statement is unreachable
  				break;
Hardware\menu.c: 3 warnings, 0 errors
compiling SetTime.c...
Hardware\SetTime.c(229): warning:  #1-D: last line of file ends without a newline
  }
Hardware\SetTime.c: 1 warning, 0 errors
compiling MPU6050.c...
compiling AD.c...
compiling MyI2C.c...
compiling main.c...
User\main.c(57): warning:  #223-D: function "Meme_Tick" declared implicitly
  		Meme_Tick();
User\main.c: 1 warning, 0 errors
compiling Function.c...
Hardware\Function.c(20): warning:  #177-D: variable "setflag_temp"  was declared but never referenced
  		uint8_t setflag_temp=0;
Hardware\Function.c(134): warning:  #940-D: missing return statement at end of non-void function "Collision_Detection" 
  }
Hardware\Function.c(263): warning:  #111-D: statement is unreachable
  				break;
Hardware\Function.c(367): warning:  #111-D: statement is unreachable
  				break;
Hardware\Function.c(514): warning:  #111-D: statement is unreachable
  				break;
Hardware\Function.c: 5 warnings, 0 errors
compiling stm32f10x_it.c...
linking...
Program Size: Code=26582 RO-data=12042 RW-data=212 ZI-data=2940  
".\Objects\Project.axf" - 0 Error(s), 11 Warning(s).

<h2>Software Packages used:</h2>

Package Vendor: Keil
                http://www.keil.com/pack/Keil.STM32F1xx_DFP.2.2.0.pack
                Keil.STM32F1xx_DFP.2.2.0
                STMicroelectronics STM32F1 Series Device Support, Drivers and Examples

<h2>Collection of Component include folders:</h2>
  .\RTE\_Target_1
  D:\Keil 5\ARM\PACK\Keil\STM32F1xx_DFP\2.2.0\Device\Include

<h2>Collection of Component Files used:</h2>
Build Time Elapsed:  00:00:02
</pre>
</body>
</html>
